03-30 01:44:03.094   762 13859 V MediaCodec: -- Looking at startdata. presentation 2175633020, start 81876535504033, so  match entry
03-30 01:44:04.220   762 13859 V MediaCodec: -- Looking at startdata. presentation 2176782408, start 81877656395648, so  match entry
03-30 01:44:04.888  1520  1563 D _V_ActivityManager: StartMode packageName = com.android.stk ,pid = -1 ,alwaysRestrict = true ,startMode = 2 ,UidRec:UidRecord{d1ba7c6 1001 PER  procs:4 seq(0,0,0)}
03-30 01:44:07.051   762 13859 V MediaCodec: -- Looking at startdata. presentation 2179682000, start 81880745638187, so  match entry
03-30 01:44:07.311   762 13857 V AudioSink: getPlayedOutDurationUs(1457556392) nowUs(81881012221) frames(64277607) framesAt(81880997937)
03-30 01:44:07.315   762 13859 V MediaCodec: -- Looking at startdata. presentation 2179838734, start 81880756374187, so  match entry
03-30 01:44:08.455   762 13857 V AudioSink: getPlayedOutDurationUs(1458700548) nowUs(81882156375) frames(64328217) framesAt(81882145554)
03-30 01:44:08.461   762 13859 V MediaCodec: -- Looking at startdata. presentation 2181144857, start 81882156343187, so  match entry
03-30 01:44:12.947   762 13859 V MediaCodec: -- Looking at startdata. presentation 2185637918, start 81886641613187, so  match entry
03-30 01:44:14.346   762 13857 V AudioSink: getPlayedOutDurationUs(1464591747) nowUs(81888047563) frames(64588053) framesAt(81888037516)
03-30 01:44:16.024   762 13859 V MediaCodec: -- Looking at startdata. presentation 2188563632, start 81889462448572, so  match entry
03-30 01:44:21.942   762 13859 V MediaCodec: -- Looking at startdata. presentation 2194519551, start 81895635708572, so  match entry
03-30 01:44:21.947   762 13859 V MediaCodec: -- Looking at startdata. presentation 2194545673, start 81895637170418, so  match entry
03-30 01:44:21.949   762 13859 V MediaCodec: -- Looking at startdata. presentation 2194571795, start 81895637988957, so  match entry
03-30 01:44:25.060   762 13859 V MediaCodec: -- Looking at startdata. presentation 2197706489, start 81898756324957, so  match entry
03-30 01:44:30.123   762 13859 V MediaCodec: -- Looking at startdata. presentation 2202669755, start 81903563210803, so  match entry
03-30 01:44:31.494  1520  1563 D _V_ActivityManager: StartMode packageName = com.android.stk ,pid = -1 ,alwaysRestrict = true ,startMode = 2 ,UidRec:UidRecord{d1ba7c6 1001 PER  procs:4 seq(0,0,0)}
03-30 01:44:33.256   762 13859 V MediaCodec: -- Looking at startdata. presentation 2205961183, start 81906952256342, so  match entry
03-30 01:44:37.737   762 13859 V MediaCodec: -- Looking at startdata. presentation 2210245265, start 81911175637958, so  match entry
03-30 01:44:38.012   762 13857 V AudioSink: getPlayedOutDurationUs(1488258058) nowUs(81911713841) frames(65630939) framesAt(81911685692)
03-30 01:44:38.035   762 13857 V AudioSink: getPlayedOutDurationUs(1488280868) nowUs(81911736667) frames(65632425) framesAt(81911719404)
03-30 01:44:38.869   762 13859 V MediaCodec: -- Looking at startdata. presentation 2211499142, start 81912563004112, so  match entry
03-30 01:44:39.155   762 13857 V AudioSink: getPlayedOutDurationUs(1489400583) nowUs(81912856383) frames(65681790) framesAt(81912838793)
03-30 01:44:40.829   762 13857 V AudioSink: getPlayedOutDurationUs(1491074323) nowUs(81914530126) frames(65756323) framesAt(81914528886)
03-30 01:44:40.849   762 13857 V AudioSink: getPlayedOutDurationUs(1491094414) nowUs(81914550217) frames(65756323) framesAt(81914528886)
03-30 01:44:44.235   762 13859 V MediaCodec: -- Looking at startdata. presentation 2216906489, start 81917931656343, so  match entry
03-30 01:44:44.632  1520  1563 D _V_ActivityManager: StartMode packageName = com.android.bbklog ,pid = -1 ,alwaysRestrict = true ,startMode = 2 ,UidRec:UidRecord{9908669 1000 PER  procs:22 seq(0,0,0)}
03-30 01:44:47.851   762 13859 V MediaCodec: -- Looking at startdata. presentation 2220563632, start 81921543729497, so  match entry
03-30 01:44:48.454  1520  1563 D _V_ActivityManager: StartMode packageName = com.vivo.appfilter ,pid = -1 ,alwaysRestrict = true ,startMode = 2 ,UidRec:UidRecord{9908669 1000 PER  procs:22 seq(0,0,0)}
03-30 01:44:48.454  1520  1563 W BroadcastQueue: Background execution not allowed: receiving Intent { act=android.intent.action.PACKAGE_RESTARTED dat=package:com.android.bbklog flg=0x10 (has extras) } to com.vivo.appfilter/.receiver.VivoBringupPkgReceiver
03-30 01:44:49.563   556  1417 I         : printUidInfo uid(10201), UidInfo is 0@0
03-30 01:44:49.563   556  1417 I         : queryResolvNetidForUid the app(10201)'s resolve netid is 0
03-30 01:44:49.563   556  1417 E         : QUERY_RESOLV_NETID command.uid:10201, nid:0
03-30 01:44:52.945   762 13859 V MediaCodec: -- Looking at startdata. presentation 2225631387, start 81926632614574, so  match entry
03-30 01:44:54.067   762 13859 V MediaCodec: -- Looking at startdata. presentation 2226780775, start 81927763563651, so  match entry
03-30 01:44:58.090  1520  1563 D _V_ActivityManager: StartMode packageName = com.android.stk ,pid = -1 ,alwaysRestrict = true ,startMode = 2 ,UidRec:UidRecord{d1ba7c6 1001 PER  procs:4 seq(0,0,0)}
03-30 01:44:59.151   762 13857 V AudioSink: getPlayedOutDurationUs(1509396985) nowUs(81932852775) frames(66563735) framesAt(81932837536)
03-30 01:44:59.172   762 13857 V AudioSink: getPlayedOutDurationUs(1509418024) nowUs(81932873814) frames(66563735) framesAt(81932837536)
03-30 01:45:03.088   762 13859 V MediaCodec: -- Looking at startdata. presentation 2235636285, start 81936525152498, so  match entry
03-30 01:45:20.040   762 13859 V MediaCodec: -- Looking at startdata. presentation 2252563632, start 81953481961729, so  match entry
03-30 01:45:22.609   762 13857 V AudioSink: getPlayedOutDurationUs(1532854941) nowUs(81956310746) frames(67596553) framesAt(81956257460)
03-30 01:45:22.624   762 13859 V MediaCodec: -- Looking at startdata. presentation 2255202000, start 81956316688730, so  match entry
03-30 01:45:22.629   762 13859 V MediaCodec: -- Looking at startdata. presentation 2255228122, start 81956317699960, so  match entry
03-30 01:45:22.630   762 13857 V AudioSink: getPlayedOutDurationUs(1532875705) nowUs(81956331493) frames(67599363) framesAt(81956321162)
03-30 01:45:22.637   762 13859 V MediaCodec: -- Looking at startdata. presentation 2255254244, start 81956326209422, so  match entry
03-30 01:45:22.637   762 13859 V MediaCodec: -- Looking at startdata. presentation 2255280367, start 81956327218191, so  match entry
03-30 01:45:22.637   762 13859 V MediaCodec: -- Looking at startdata. presentation 2255306489, start 81956328816268, so  match entry
03-30 01:45:22.638   762 13859 V MediaCodec: -- Looking at startdata. presentation 2255332612, start 81956331828114, so  match entry
03-30 01:45:22.645   762 13859 V MediaCodec: -- Looking at startdata. presentation 2255358734, start 81956339443883, so  match entry
03-30 01:45:22.903   762 13859 V MediaCodec: -- Looking at startdata. presentation 2255384857, start 81956340768807, so  match entry
03-30 01:45:22.907   762 13859 V MediaCodec: -- Looking at startdata. presentation 2255410979, start 81956341733883, so  match entry
03-30 01:45:22.914   762 13859 V MediaCodec: -- Looking at startdata. presentation 2255437102, start 81956342472883, so  match entry
03-30 01:45:22.914   762 13859 V MediaCodec: -- Looking at startdata. presentation 2255463224, start 81956347691499, so  match entry
03-30 01:45:23.211   762 13857 V AudioSink: getPlayedOutDurationUs(1533456384) nowUs(81956912185) frames(67624895) framesAt(81956900132)
03-30 01:45:23.757   762 13859 V MediaCodec: -- Looking at startdata. presentation 2256325265, start 81957198760730, so  match entry
03-30 01:45:23.764   762 13859 V MediaCodec: -- Looking at startdata. presentation 2256351387, start 81957458701268, so  match entry
03-30 01:45:23.767   762 13859 V MediaCodec: -- Looking at startdata. presentation 2256377510, start 81957459855960, so  match entry
03-30 01:45:24.695  1520  1563 D _V_ActivityManager: StartMode packageName = com.android.stk ,pid = -1 ,alwaysRestrict = true ,startMode = 2 ,UidRec:UidRecord{d1ba7c6 1001 PER  procs:4 seq(0,0,0)}
03-30 01:45:26.061   762 13859 V MediaCodec: -- Looking at startdata. presentation 2258728530, start 81959755563807, so  match entry
03-30 01:45:34.563   762 13859 V MediaCodec: -- Looking at startdata. presentation 2267270571, start 81968261341038, so  match entry
03-30 01:45:37.355   762 13857 V AudioSink: getPlayedOutDurationUs(1547600536) nowUs(81971056351) frames(68248511) framesAt(81971041098)
03-30 01:45:46.086   762 13857 V AudioSink: getPlayedOutDurationUs(1556331533) nowUs(81979787349) frames(68633910) framesAt(81979780305)
03-30 01:45:46.108   762 13857 V AudioSink: getPlayedOutDurationUs(1556353773) nowUs(81979809589) frames(68633910) framesAt(81979780305)
03-30 01:45:46.372   762 13859 V MediaCodec: -- Looking at startdata. presentation 2278868938, start 81979815631039, so  match entry
03-30 01:45:46.394   762 13857 V AudioSink: getPlayedOutDurationUs(1556639836) nowUs(81980095638) frames(68646489) framesAt(81980065529)
03-30 01:45:47.515   762 13857 V AudioSink: getPlayedOutDurationUs(1557761009) nowUs(81981216803) frames(68695634) framesAt(81981179920)
03-30 01:45:48.361   762 13859 V MediaCodec: -- Looking at startdata. presentation 2280906489, start 81981793556347, so  match entry
03-30 01:45:48.373   762 13859 V MediaCodec: -- Looking at startdata. presentation 2281010979, start 81982064856347, so  match entry
03-30 01:45:51.306  1520  1563 D _V_ActivityManager: StartMode packageName = com.android.stk ,pid = -1 ,alwaysRestrict = true ,startMode = 2 ,UidRec:UidRecord{d1ba7c6 1001 PER  procs:4 seq(0,0,0)}
03-30 01:45:51.766   762 13859 V MediaCodec: -- Looking at startdata. presentation 2284406897, start 81985455563270, so  match entry
03-30 01:45:52.029   762 13859 V MediaCodec: -- Looking at startdata. presentation 2284563632, start 81985474549885, so  match entry
03-30 01:45:52.880   762 13857 V AudioSink: getPlayedOutDurationUs(1563125839) nowUs(81986581660) frames(68933086) framesAt(81986564347)
03-30 01:45:52.904   762 13857 V AudioSink: getPlayedOutDurationUs(1563149343) nowUs(81986605177) frames(68934495) framesAt(81986596310)
03-30 01:45:52.912   762 13859 V MediaCodec: -- Looking at startdata. presentation 2285634653, start 81986605157501, so  match entry
03-30 01:45:53.164   762 13857 V AudioSink: getPlayedOutDurationUs(1563410057) nowUs(81986865841) frames(68945903) framesAt(81986854944)
03-30 01:45:53.187   762 13857 V AudioSink: getPlayedOutDurationUs(1563432710) nowUs(81986888494) frames(68945903) framesAt(81986854944)
03-30 01:45:53.444   762 13857 V AudioSink: getPlayedOutDurationUs(1563689289) nowUs(81987145084) frames(68957209) framesAt(81987111327)
03-30 01:45:53.716   762 13857 V AudioSink: getPlayedOutDurationUs(1563961914) nowUs(81987417701) frames(68969719) framesAt(81987394993)
03-30 01:45:53.739   762 13857 V AudioSink: getPlayedOutDurationUs(1563984366) nowUs(81987440147) frames(68971224) framesAt(81987429114)
03-30 01:45:54.868   762 13859 V MediaCodec: -- Looking at startdata. presentation 2287515469, start 81988563909039, so  match entry
03-30 01:46:00.210   762 13857 V AudioSink: getPlayedOutDurationUs(1570456078) nowUs(81993911857) frames(69256356) framesAt(81993894690)
03-30 01:46:00.230   762 13857 V AudioSink: getPlayedOutDurationUs(1570476144) nowUs(81993931923) frames(69256356) framesAt(81993894690)
03-30 01:46:01.934   762 13859 V MediaCodec: -- Looking at startdata. presentation 2294673020, start 81995631101655, so  match entry
03-30 01:46:02.191   762 13859 V MediaCodec: -- Looking at startdata. presentation 2294699142, start 81995631715732, so  match entry
03-30 01:46:02.192   762 13859 V MediaCodec: -- Looking at startdata. presentation 2294725265, start 81995633778886, so  match entry
03-30 01:46:02.200   762 13859 V MediaCodec: -- Looking at startdata. presentation 2294751387, start 81995634438886, so  match entry
03-30 01:46:02.200   762 13859 V MediaCodec: -- Looking at startdata. presentation 2294777510, start 81995636122040, so  match entry
03-30 01:46:03.049   762 13859 V MediaCodec: -- Looking at startdata. presentation 2295639551, start 81996744718117, so  match entry
03-30 01:46:03.335   762 13857 V AudioSink: getPlayedOutDurationUs(1573580769) nowUs(81997036563) frames(69394426) framesAt(81997025544)
03-30 01:46:04.448   762 13859 V MediaCodec: -- Looking at startdata. presentation 2297076285, start 81998145632886, so  match entry
03-30 01:46:07.563   762 13859 V MediaCodec: -- Looking at startdata. presentation 2300184857, start 82001261377502, so  match entry
03-30 01:46:13.804   762 13857 V AudioSink: getPlayedOutDurationUs(1584047465) nowUs(82007505581) frames(69856336) framesAt(82007502016)
03-30 01:46:17.904  1520  1563 D _V_ActivityManager: StartMode packageName = com.android.stk ,pid = -1 ,alwaysRestrict = true ,startMode = 2 ,UidRec:UidRecord{d1ba7c6 1001 PER  procs:4 seq(0,0,0)}
03-30 01:46:20.563   762 13857 V AudioSink: getPlayedOutDurationUs(1590806166) nowUs(82014264264) frames(70154225) framesAt(82014256850)
03-30 01:46:23.975   762 13859 V MediaCodec: -- Looking at startdata. presentation 2316563632, start 82017672355041, so  match entry
03-30 01:46:24.274   762 13859 V MediaCodec: -- Looking at startdata. presentation 2316981591, start 82017968563503, so  match entry
03-30 01:46:25.655   762 13859 V MediaCodec: -- Looking at startdata. presentation 2318209346, start 82019349563580, so  match entry
03-30 01:46:30.453   762 13859 V MediaCodec: -- Looking at startdata. presentation 2322989755, start 82023891563349, so  match entry
03-30 01:46:33.870   762 13859 V MediaCodec: -- Looking at startdata. presentation 2326437918, start 82027563404657, so  match entry
03-30 01:46:36.986   762 13859 V MediaCodec: -- Looking at startdata. presentation 2329494244, start 82030425637119, so  match entry
03-30 01:46:42.932   762 13859 V MediaCodec: -- Looking at startdata. presentation 2335633020, start 82036620618658, so  match entry
03-30 01:46:44.507  1520  1563 D _V_ActivityManager: StartMode packageName = com.android.stk ,pid = -1 ,alwaysRestrict = true ,startMode = 2 ,UidRec:UidRecord{d1ba7c6 1001 PER  procs:4 seq(0,0,0)}
03-30 01:46:44.622   762 13859 V MediaCodec: -- Looking at startdata. presentation 2337304857, start 82038315632273, so  match entry
03-30 01:46:46.592   762 13857 V AudioSink: getPlayedOutDurationUs(1616835658) nowUs(82040293739) frames(71301563) framesAt(82040273568)
03-30 01:46:46.869   762 13859 V MediaCodec: -- Looking at startdata. presentation 2339577510, start 82040565637119, so  match entry
03-30 01:46:47.714   762 13857 V AudioSink: getPlayedOutDurationUs(1617957546) nowUs(82041415639) frames(71350917) framesAt(82041392718)
03-30 01:46:51.929   762 13857 V AudioSink: getPlayedOutDurationUs(1622172342) nowUs(82045630420) frames(71537197) framesAt(82045616740)
03-30 01:46:51.941   762 13859 V MediaCodec: -- Looking at startdata. presentation 2344540775, start 82045637492735, so  match entry
03-30 01:46:53.076   762 13859 V MediaCodec: -- Looking at startdata. presentation 2345637918, start 82046765686120, so  match entry
03-30 01:46:55.613   762 13859 V MediaCodec: -- Looking at startdata. presentation 2348119551, start 82049050456351, so  match entry
03-30 01:46:55.916   762 13859 V MediaCodec: -- Looking at startdata. presentation 2348563632, start 82049611143812, so  match entry
03-30 01:46:56.189   762 13859 V MediaCodec: -- Looking at startdata. presentation 2348772612, start 82049630156351, so  match entry
03-30 01:46:59.850   762 13857 V AudioSink: getPlayedOutDurationUs(1630093088) nowUs(82053551184) frames(71885638) framesAt(82053517914)
03-30 01:47:02.653   762 13857 V AudioSink: getPlayedOutDurationUs(1632896625) nowUs(82056354717) frames(72009940) framesAt(82056336550)
03-30 01:47:02.676   762 13859 V MediaCodec: -- Looking at startdata. presentation 2355250979, start 82056365453428, so  match entry
03-30 01:47:02.677   762 13857 V AudioSink: getPlayedOutDurationUs(1632920171) nowUs(82056378298) frames(72011444) framesAt(82056370689)
03-30 01:47:02.677   762 13859 V MediaCodec: -- Looking at startdata. presentation 2355277102, start 82056366874428, so  match entry
03-30 01:47:02.677   762 13859 V MediaCodec: -- Looking at startdata. presentation 2355303224, start 82056368934274, so  match entry
03-30 01:47:02.684   762 13859 V MediaCodec: -- Looking at startdata. presentation 2355329346, start 82056375450043, so  match entry
03-30 01:47:02.687   762 13859 V MediaCodec: -- Looking at startdata. presentation 2355355469, start 82056378839428, so  match entry
03-30 01:47:02.687   762 13859 V MediaCodec: -- Looking at startdata. presentation 2355381591, start 82056381173274, so  match entry
03-30 01:47:02.687   762 13859 V MediaCodec: -- Looking at startdata. presentation 2355407714, start 82056382609197, so  match entry
03-30 01:47:02.948   762 13859 V MediaCodec: -- Looking at startdata. presentation 2355433836, start 82056386040351, so  match entry
03-30 01:47:02.948   762 13859 V MediaCodec: -- Looking at startdata. presentation 2355459959, start 82056389196505, so  match entry
03-30 01:47:02.948   762 13859 V MediaCodec: -- Looking at startdata. presentation 2355486081, start 82056390297505, so  match entry
03-30 01:47:02.949   762 13859 V MediaCodec: -- Looking at startdata. presentation 2355512204, start 82056391312197, so  match entry
03-30 01:47:03.790   762 13859 V MediaCodec: -- Looking at startdata. presentation 2356322000, start 82057227910043, so  match entry
03-30 01:47:03.793   762 13859 V MediaCodec: -- Looking at startdata. presentation 2356348122, start 82057487991813, so  match entry
03-30 01:47:03.797   762 13859 V MediaCodec: -- Looking at startdata. presentation 2356374244, start 82057491568890, so  match entry
03-30 01:47:04.382   762 13859 V MediaCodec: -- Looking at startdata. presentation 2357131795, start 82058075638274, so  match entry
03-30 01:47:05.782   762 13857 V AudioSink: getPlayedOutDurationUs(1636025637) nowUs(82059483729) frames(72148338) framesAt(82059474826)
03-30 01:47:10.858   762 13857 V AudioSink: getPlayedOutDurationUs(1641101563) nowUs(82064559677) frames(72371142) framesAt(82064527093)
03-30 01:47:11.111  1520  1563 D _V_ActivityManager: StartMode packageName = com.android.stk ,pid = -1 ,alwaysRestrict = true ,startMode = 2 ,UidRec:UidRecord{d1ba7c6 1001 PER  procs:4 seq(0,0,0)}
03-30 01:47:11.748   762 13859 V MediaCodec: -- Looking at startdata. presentation 2364419959, start 82065435637505, so  match entry
03-30 01:47:14.543   762 13857 V AudioSink: getPlayedOutDurationUs(1644786469) nowUs(82068244579) frames(72534818) framesAt(82068238563)
03-30 01:47:16.197   762 13857 V AudioSink: getPlayedOutDurationUs(1646440759) nowUs(82069898837) frames(72605633) framesAt(82069844313)
03-30 01:47:20.761   762 13859 V MediaCodec: -- Looking at startdata. presentation 2373484448, start 82074456362198, so  match entry
03-30 01:47:21.871   762 13859 V MediaCodec: -- Looking at startdata. presentation 2374477102, start 82075563024814, so  match entry
03-30 01:47:23.869   762 13859 V MediaCodec: -- Looking at startdata. presentation 2376593020, start 82077563382275, so  match entry
03-30 01:47:25.563   762 13857 V AudioSink: getPlayedOutDurationUs(1655806916) nowUs(82079265015) frames(73020034) framesAt(82079241182)
03-30 01:47:26.126   762 13857 V AudioSink: getPlayedOutDurationUs(1656369253) nowUs(82079827337) frames(73045676) framesAt(82079822619)
03-30 01:47:26.148   762 13857 V AudioSink: getPlayedOutDurationUs(1656391268) nowUs(82079849352) frames(73045676) framesAt(82079822619)
03-30 01:47:27.288   762 13859 V MediaCodec: -- Looking at startdata. presentation 2379936693, start 82080975637814, so  match entry
03-30 01:47:28.111   762 13859 V MediaCodec: -- Looking at startdata. presentation 2380563632, start 82081551427814, so  match entry
03-30 01:47:28.118   762 13859 V MediaCodec: -- Looking at startdata. presentation 2380642000, start 82081556392891, so  match entry
03-30 01:47:29.811   762 13857 V AudioSink: getPlayedOutDurationUs(1660054563) nowUs(82083512675) frames(73208129) framesAt(82083506388)
03-30 01:47:32.957   762 13859 V MediaCodec: -- Looking at startdata. presentation 2385631387, start 82086653549737, so  match entry
03-30 01:47:33.215   762 13857 V AudioSink: getPlayedOutDurationUs(1663458048) nowUs(82086916146) frames(73356397) framesAt(82086868460)
03-30 01:47:37.712  1520  1563 D _V_ActivityManager: StartMode packageName = com.android.stk ,pid = -1 ,alwaysRestrict = true ,startMode = 2 ,UidRec:UidRecord{d1ba7c6 1001 PER  procs:4 seq(0,0,0)}
03-30 01:47:40.871   762 13859 V MediaCodec: -- Looking at startdata. presentation 2393572612, start 82094563860661, so  match entry
03-30 01:47:43.105   762 13859 V MediaCodec: -- Looking at startdata. presentation 2395636285, start 82096538801276, so  match entry
03-30 01:47:44.532   762 13857 V AudioSink: getPlayedOutDurationUs(1674775631) nowUs(82098233712) frames(73856627) framesAt(82098211527)
03-30 01:47:45.388   762 13857 V AudioSink: getPlayedOutDurationUs(1675631881) nowUs(82099089987) frames(73895194) framesAt(82099086087)
03-30 01:47:46.516   762 13859 V MediaCodec: -- Looking at startdata. presentation 2399058326, start 82099956315354, so  match entry
03-30 01:47:48.511   762 13859 V MediaCodec: -- Looking at startdata. presentation 2401252612, start 82102205563277, so  match entry
03-30 01:47:49.927   762 13859 V MediaCodec: -- Looking at startdata. presentation 2402610979, start 82103614356354, so  match entry
03-30 01:47:53.029   762 13857 V AudioSink: getPlayedOutDurationUs(1683272463) nowUs(82106730563) frames(74231214) framesAt(82106705582)
03-30 01:48:00.072   762 13859 V MediaCodec: -- Looking at startdata. presentation 2412563632, start 82113514163508, so  match entry
03-30 01:48:00.370   762 13857 V AudioSink: getPlayedOutDurationUs(1690613755) nowUs(82114071875) frames(74555639) framesAt(82114062178)
03-30 01:48:03.263   762 13859 V MediaCodec: -- Looking at startdata. presentation 2415959551, start 82116956362355, so  match entry
03-30 01:48:04.312  1520  1563 D _V_ActivityManager: StartMode packageName = com.android.stk ,pid = -1 ,alwaysRestrict = true ,startMode = 2 ,UidRec:UidRecord{d1ba7c6 1001 PER  procs:4 seq(0,0,0)}
03-30 01:48:10.016   762 13859 V MediaCodec: -- Looking at startdata. presentation 2422594653, start 82123460563355, so  match entry
03-30 01:48:10.869   762 13859 V MediaCodec: -- Looking at startdata. presentation 2423561183, start 82124563556663, so  match entry
03-30 01:48:12.544   762 13857 V AudioSink: getPlayedOutDurationUs(1702787524) nowUs(82126245637) frames(75091967) framesAt(82126223804)
03-30 01:48:13.123   762 13859 V MediaCodec: -- Looking at startdata. presentation 2425650979, start 82126563139124, so  match entry
03-30 01:48:16.213   762 13857 V AudioSink: getPlayedOutDurationUs(1706456303) nowUs(82129914398) frames(75252912) framesAt(82129873333)
03-30 01:48:17.066   762 13859 V MediaCodec: -- Looking at startdata. presentation 2429569346, start 82130505639663, so  match entry
03-30 01:48:20.462   762 13859 V MediaCodec: -- Looking at startdata. presentation 2432939142, start 82133900563894, so  match entry
03-30 01:48:22.183   762 13859 V MediaCodec: -- Looking at startdata. presentation 2434846081, start 82135872756356, so  match entry
03-30 01:48:25.298   762 13859 V MediaCodec: -- Looking at startdata. presentation 2437928530, start 82138993563587, so  match entry
03-30 01:48:26.701   762 13859 V MediaCodec: -- Looking at startdata. presentation 2439286897, start 82140146256356, so  match entry
03-30 01:48:27.563   762 13859 V MediaCodec: -- Looking at startdata. presentation 2440279551, start 82141256831433, so  match entry
03-30 01:48:27.834   762 13857 V AudioSink: getPlayedOutDurationUs(1718077559) nowUs(82141535633) frames(75766571) framesAt(82141520908)
03-30 01:48:30.089   762 13859 V MediaCodec: -- Looking at startdata. presentation 2442761183, start 82143781456356, so  match entry
03-30 01:48:30.940  1520  1563 D _V_ActivityManager: StartMode packageName = com.android.stk ,pid = -1 ,alwaysRestrict = true ,startMode = 2 ,UidRec:UidRecord{d1ba7c6 1001 PER  procs:4 seq(0,0,0)}
03-30 01:48:31.480   762 13859 V MediaCodec: -- Looking at startdata. presentation 2444067306, start 82145173056356, so  match entry
03-30 01:48:31.768   762 13857 V AudioSink: getPlayedOutDurationUs(1722010949) nowUs(82145469069) frames(75940124) framesAt(82145456396)
03-30 01:48:32.041   762 13859 V MediaCodec: -- Looking at startdata. presentation 2444563632, start 82145479417279, so  match entry
03-30 01:48:33.154   762 13859 V MediaCodec: -- Looking at startdata. presentation 2445634653, start 82146592562433, so  match entry
03-30 01:48:41.563   762 13859 V MediaCodec: -- Looking at startdata. presentation 2454124448, start 82155007838280, so  match entry
03-30 01:48:42.088   762 13857 V AudioSink: getPlayedOutDurationUs(1732331467) nowUs(82155789563) frames(76393335) framesAt(82155733266)
03-30 01:48:42.621   762 13857 V AudioSink: getPlayedOutDurationUs(1732864153) nowUs(82156322278) frames(76418423) framesAt(82156302183)
03-30 01:48:42.626   762 13859 V MediaCodec: -- Looking at startdata. presentation 2455221591, start 82156325433895, so  match entry
03-30 01:48:42.629   762 13859 V MediaCodec: -- Looking at startdata. presentation 2455247714, start 82156326756280, so  match entry
03-30 01:48:42.629   762 13859 V MediaCodec: -- Looking at startdata. presentation 2455273836, start 82156327415280, so  match entry
03-30 01:48:42.630   762 13859 V MediaCodec: -- Looking at startdata. presentation 2455299959, start 82156328765434, so  match entry
03-30 01:48:42.631   762 13859 V MediaCodec: -- Looking at startdata. presentation 2455326081, start 82156329385280, so  match entry
03-30 01:48:42.632   762 13859 V MediaCodec: -- Looking at startdata. presentation 2455352204, start 82156331030357, so  match entry
03-30 01:48:42.889   762 13859 V MediaCodec: -- Looking at startdata. presentation 2455378326, start 82156332251511, so  match entry
03-30 01:48:42.889   762 13859 V MediaCodec: -- Looking at startdata. presentation 2455404448, start 82156332888511, so  match entry
03-30 01:48:42.889   762 13859 V MediaCodec: -- Looking at startdata. presentation 2455430571, start 82156333248742, so  match entry
03-30 01:48:42.889   762 13859 V MediaCodec: -- Looking at startdata. presentation 2455456693, start 82156344061357, so  match entry
03-30 01:48:43.153   762 13859 V MediaCodec: -- Looking at startdata. presentation 2455639551, start 82156596790895, so  match entry
03-30 01:48:43.695   762 13859 V MediaCodec: -- Looking at startdata. presentation 2456318734, start 82157392473819, so  match entry
03-30 01:48:43.695   762 13859 V MediaCodec: -- Looking at startdata. presentation 2456344857, start 82157393010665, so  match entry
03-30 01:48:43.697   762 13859 V MediaCodec: -- Looking at startdata. presentation 2456370979, start 82157395047434, so  match entry
03-30 01:48:43.697   762 13859 V MediaCodec: -- Looking at startdata. presentation 2456397102, start 82157395446434, so  match entry
03-30 01:48:46.355   762 13859 V MediaCodec: -- Looking at startdata. presentation 2458826489, start 82159798056357, so  match entry
03-30 01:48:56.563   762 13859 V MediaCodec: -- Looking at startdata. presentation 2469066489, start 82169996805512, so  match entry
03-30 01:48:56.563   762 13859 V MediaCodec: -- Looking at startdata. presentation 2469092612, start 82169997668281, so  match entry
03-30 01:48:56.563   762 13859 V MediaCodec: -- Looking at startdata. presentation 2469118734, start 82170257234281, so  match entry
03-30 01:48:56.563   762 13859 V MediaCodec: -- Looking at startdata. presentation 2469144857, start 82170258371896, so  match entry
03-30 01:48:56.869   762 13859 V MediaCodec: -- Looking at startdata. presentation 2469588938, start 82170563041435, so  match entry
03-30 01:48:57.123   762 13859 V MediaCodec: -- Looking at startdata. presentation 2469615061, start 82170563952512, so  match entry
03-30 01:48:57.514  1520  1563 D _V_ActivityManager: StartMode packageName = com.android.stk ,pid = -1 ,alwaysRestrict = true ,startMode = 2 ,UidRec:UidRecord{d1ba7c6 1001 PER  procs:4 seq(0,0,0)}
03-30 01:48:57.955   762 13857 V AudioSink: getPlayedOutDurationUs(1748198458) nowUs(82171656563) frames(77093240) framesAt(82171604136)
03-30 01:48:59.090   762 13857 V AudioSink: getPlayedOutDurationUs(1749333089) nowUs(82172791173) frames(77144054) framesAt(82172756360)
03-30 01:49:01.371   762 13857 V AudioSink: getPlayedOutDurationUs(1751614465) nowUs(82175072563) frames(77245546) framesAt(82175057780)
03-30 01:49:01.931   762 13857 V AudioSink: getPlayedOutDurationUs(1752174772) nowUs(82175632877) frames(77270794) framesAt(82175630304)
03-30 01:49:01.942   762 13859 V MediaCodec: -- Looking at startdata. presentation 2474656693, start 82175633220743, so  match entry
03-30 01:49:01.943   762 13859 V MediaCodec: -- Looking at startdata. presentation 2474682816, start 82175634769358, so  match entry
03-30 01:49:02.200   762 13859 V MediaCodec: -- Looking at startdata. presentation 2474708938, start 82175639234743, so  match entry
03-30 01:49:03.931   762 13859 V MediaCodec: -- Looking at startdata. presentation 2476563632, start 82177622952897, so  match entry
03-30 01:49:09.869   762 13859 V MediaCodec: -- Looking at startdata. presentation 2482519551, start 82183563970589, so  match entry
03-30 01:49:10.563 17719 17719 I _V_LIB-Security-MobileAgentManager-com.android.bbklog: sdk_version=securitysdk-v1.4.6-aabb2dd,initialize use_time=27 ms
03-30 01:49:11.351   563   653 D AudioALSAStreamOut: standby(), flag 8
03-30 01:49:11.351   563   653 D AudioALSAStreamOut: standbyStreamOut(), halRequest 0, mDestroy 0, flag 8
03-30 01:49:11.351   563   653 D AudioALSAStreamOut: close(), flags 8
03-30 01:49:11.351   563   653 D AudioALSAPlaybackHandlerNormal: +close(), flag = 8, mDevice = 0x2
03-30 01:49:11.352   563   653 D AudioALSAVAFXManager: deinitPlayBackHandler ePlaybackHandlerType 10
03-30 01:49:11.352   563   653 D AudioALSAVAFXManager: +deinit
03-30 01:49:11.352   563   653 D AudioALSAVAFXManager: vafx_speaker_boost_deinit+
03-30 01:49:11.357   563   653 D AudioALSAVAFXManager: vafx_speaker_boost_deinit-
03-30 01:49:11.357   563   653 D AudioALSAVAFXManager: -deinit
03-30 01:49:11.357   563   653 D AudioALSAVAFXManager: ~AudioALSAVAFXCtrl ePlaybackHandlerType 10
03-30 01:49:11.357   563   653 I AudioALSAPlaybackHandlerNormal: close_audiodsp() this (0xebe13080) 0xe9aeeb00 0xe9d10dc0
03-30 01:49:11.357   563   653 D AudioALSAHardwareResourceManager: +stopOutputDevice(), mOutputDevices = 0x2, mStartOutputDevicesCount = 1, playbackhandler size 1
03-30 01:49:11.357   563   653 D AudioALSADeviceConfigManager: ApplyDeviceTurnoffSequenceByName(), DeviceName = ext_speaker_output descriptor->DeviceStatusCounter = 1
03-30 01:49:11.362   563   653 D AudioALSADeviceConfigManager: ApplyDeviceTurnoffSequenceByName(), DeviceName = speaker_output descriptor->DeviceStatusCounter = 1
03-30 01:49:11.363   563   653 D AudioALSADeviceConfigManager: ApplyDeviceTurnoffSequenceByName(), DeviceName = voice_speaker_output descriptor->DeviceStatusCounter = 0
03-30 01:49:11.363   563   653 W AudioALSADeviceConfigManager: ApplyDeviceTurnoffSequenceByName(), DeviceName = voice_speaker_output DeviceStatusCounter < 0
03-30 01:49:11.367   563   653 D AudioALSAPlaybackHandlerBase: -closePcmDriver(), mPcm = 0x0
03-30 01:49:11.368   563   653 D AudioALSAPlaybackHandlerNormal: SetLowJitterMode(), bypass low jitter mode, bEnable = 0, device = 0x2, SampleRate = 48000
03-30 01:49:11.368   563   653 D AudioALSAPlaybackHandlerBase: DestroyAurisysLibManager()
03-30 01:49:11.368   563   653 D aurisys_lib_handler: aurisys_arsi_destroy_handler(), lib_name mtk_bessound, 0xe9d95400, arsi_destroy_handler, arsi_handler = 0xe982c200, retval = 0
03-30 01:49:11.368   563   653 D aurisys_lib_manager: delete_aurisys_lib_manager(), manager 0xed765490
03-30 01:49:11.371   563   653 D [Awinic]:  Reset Done !
03-30 01:49:11.371   563   653 D AudioALSAPlaybackHandlerNormal: -close()
03-30 01:49:11.371   563   653 D [Awinic]:  End Done !
03-30 01:49:13.983  1520  1563 D _V_ActivityManager: StartMode packageName = com.vivo.appfilter ,pid = -1 ,alwaysRestrict = true ,startMode = 2 ,UidRec:UidRecord{9908669 1000 PER  procs:22 seq(0,0,0)}
03-30 01:49:13.984  1520  1563 W BroadcastQueue: Background execution not allowed: receiving Intent { act=android.intent.action.PACKAGE_RESTARTED dat=package:com.android.bbklog flg=0x10 (has extras) } to com.vivo.appfilter/.receiver.VivoBringupPkgReceiver
03-30 01:49:24.124  1520  1563 D _V_ActivityManager: StartMode packageName = com.android.stk ,pid = -1 ,alwaysRestrict = true ,startMode = 2 ,UidRec:UidRecord{d1ba7c6 1001 PER  procs:4 seq(0,0,0)}
03-30 01:49:50.724  1520  1563 D _V_ActivityManager: StartMode packageName = com.android.stk ,pid = -1 ,alwaysRestrict = true ,startMode = 2 ,UidRec:UidRecord{d1ba7c6 1001 PER  procs:4 seq(0,0,0)}
03-30 01:49:50.739  1520  1563 I ActivityManager: Killing 7098:com.facebook.orca/u0a208 (adj 945): empty for 1803s
03-30 01:49:50.748  1520  1563 E _V_VivoPerfManager: VivoPerfManager() Ux Perf: Exception = java.lang.ClassNotFoundException: com.qualcomm.qti.UxPerformance
03-30 01:49:50.749  1520  1563 I ANDR-VIVO-PERF: perf_ux_engine_events
03-30 01:50:15.822  1520  1563 D _V_ActivityManager: StartMode packageName = com.vivo.appfilter ,pid = -1 ,alwaysRestrict = true ,startMode = 2 ,UidRec:UidRecord{9908669 1000 PER  procs:22 seq(0,0,0)}
03-30 01:50:15.822  1520  1563 W BroadcastQueue: Background execution not allowed: receiving Intent { act=android.intent.action.PACKAGE_RESTARTED dat=package:com.android.bbklog flg=0x10 (has extras) } to com.vivo.appfilter/.receiver.VivoBringupPkgReceiver
03-30 01:50:17.326  1520  1563 D _V_ActivityManager: StartMode packageName = com.android.stk ,pid = -1 ,alwaysRestrict = true ,startMode = 2 ,UidRec:UidRecord{d1ba7c6 1001 PER  procs:4 seq(0,0,0)}
03-30 01:50:20.375  1520  1563 D _V_ActivityManager: StartMode packageName = com.vivo.appfilter ,pid = -1 ,alwaysRestrict = true ,startMode = 2 ,UidRec:UidRecord{9908669 1000 PER  procs:22 seq(0,0,0)}
03-30 01:50:20.376  1520  1563 W BroadcastQueue: Background execution not allowed: receiving Intent { act=android.intent.action.PACKAGE_RESTARTED dat=package:com.uc.browser.en flg=0x10 (has extras) } to com.vivo.appfilter/.receiver.VivoBringupPkgReceiver
03-30 01:50:30.894  1520  1563 D _V_ActivityManager: StartMode packageName = com.uc.browser.en ,pid = -1 ,alwaysRestrict = true ,startMode = 2 ,UidRec:UidRecord{4559cd6 u0a202 BFGS change:active|uncached procs:2 seq(0,0,0)}
03-30 01:50:31.466  1520  1563 D _V_ActivityManager: StartMode packageName = com.uc.browser.en ,pid = -1 ,alwaysRestrict = true ,startMode = 2 ,UidRec:UidRecord{4559cd6 u0a202 BFGS change:active|uncached procs:2 seq(0,0,0)}
03-30 01:50:43.932  1520  1563 D _V_ActivityManager: StartMode packageName = com.android.stk ,pid = -1 ,alwaysRestrict = true ,startMode = 2 ,UidRec:UidRecord{d1ba7c6 1001 PER  procs:4 seq(0,0,0)}
03-30 01:51:10.536  1520  1563 D _V_ActivityManager: StartMode packageName = com.android.stk ,pid = -1 ,alwaysRestrict = true ,startMode = 2 ,UidRec:UidRecord{d1ba7c6 1001 PER  procs:4 seq(0,0,0)}
03-30 01:51:37.137  1520  1563 D _V_ActivityManager: StartMode packageName = com.android.stk ,pid = -1 ,alwaysRestrict = true ,startMode = 2 ,UidRec:UidRecord{d1ba7c6 1001 PER  procs:4 seq(0,0,0)}
03-30 01:52:03.740  1520  1563 D _V_ActivityManager: StartMode packageName = com.android.stk ,pid = -1 ,alwaysRestrict = true ,startMode = 2 ,UidRec:UidRecord{d1ba7c6 1001 PER  procs:4 seq(0,0,0)}
03-30 01:52:30.345  1520  1563 D _V_ActivityManager: StartMode packageName = com.android.stk ,pid = -1 ,alwaysRestrict = true ,startMode = 2 ,UidRec:UidRecord{d1ba7c6 1001 PER  procs:4 seq(0,0,0)}
03-30 01:52:34.563 28031 28031 E _V_SensorManager: unregisterListenerImpl listener=com.facebook.ads.redexgen.X.95@4f082c7sensor=NULL
03-30 01:52:48.365  1520  1563 D _V_ActivityManager: StartMode packageName = com.vivo.appfilter ,pid = -1 ,alwaysRestrict = true ,startMode = 2 ,UidRec:UidRecord{9908669 1000 PER  procs:22 seq(0,0,0)}
03-30 01:52:48.365  1520  1563 W BroadcastQueue: Background execution not allowed: receiving Intent { act=android.intent.action.PACKAGE_RESTARTED dat=package:com.android.bbklog flg=0x10 (has extras) } to com.vivo.appfilter/.receiver.VivoBringupPkgReceiver
03-30 01:52:56.949  1520  1563 D _V_ActivityManager: StartMode packageName = com.android.stk ,pid = -1 ,alwaysRestrict = true ,startMode = 2 ,UidRec:UidRecord{d1ba7c6 1001 PER  procs:4 seq(0,0,0)}
03-30 01:53:23.549  1520  1563 D _V_ActivityManager: StartMode packageName = com.android.stk ,pid = -1 ,alwaysRestrict = true ,startMode = 2 ,UidRec:UidRecord{d1ba7c6 1001 PER  procs:4 seq(0,0,0)}
03-30 01:53:50.154  1520  1563 D _V_ActivityManager: StartMode packageName = com.android.stk ,pid = -1 ,alwaysRestrict = true ,startMode = 2 ,UidRec:UidRecord{d1ba7c6 1001 PER  procs:4 seq(0,0,0)}
03-30 01:54:16.755  1520  1563 D _V_ActivityManager: StartMode packageName = com.android.stk ,pid = -1 ,alwaysRestrict = true ,startMode = 2 ,UidRec:UidRecord{d1ba7c6 1001 PER  procs:4 seq(0,0,0)}
03-30 01:54:35.563   805   871 E         : akm_log setv_mag-hdt_ag(msQ4) = 158
03-30 01:54:35.563 28031 28031 E _V_SensorManager: unregisterListenerImpl listener=com.facebook.ads.redexgen.X.96@1565289sensor=NULL
03-30 01:54:35.563   805   871 E         : akm_log pg_gyr(d/s*1000): 103, 57, 2634, dt: 158
03-30 01:54:35.563   805   871 E         : akm_log akl_getv_mag(uT) : -34, -4, 3, Lv: 0
03-30 01:54:35.563   805   871 E         : akm_log akl_getv_mag(uT) offset: -10, 55, -20
03-30 01:54:43.357  1520  1563 D _V_ActivityManager: StartMode packageName = com.android.stk ,pid = -1 ,alwaysRestrict = true ,startMode = 2 ,UidRec:UidRecord{d1ba7c6 1001 PER  procs:4 seq(0,0,0)}
03-30 01:55:09.964  1520  1563 D _V_ActivityManager: StartMode packageName = com.android.stk ,pid = -1 ,alwaysRestrict = true ,startMode = 2 ,UidRec:UidRecord{d1ba7c6 1001 PER  procs:4 seq(0,0,0)}
03-30 01:55:23.812  1520  1563 D _V_ActivityManager: StartMode packageName = com.vivo.appfilter ,pid = -1 ,alwaysRestrict = true ,startMode = 2 ,UidRec:UidRecord{9908669 1000 PER  procs:22 seq(0,0,0)}
03-30 01:55:23.812  1520  1563 W BroadcastQueue: Background execution not allowed: receiving Intent { act=android.intent.action.PACKAGE_RESTARTED dat=package:com.android.bbklog flg=0x10 (has extras) } to com.vivo.appfilter/.receiver.VivoBringupPkgReceiver
03-30 01:55:36.563  1520  1563 D _V_ActivityManager: StartMode packageName = com.android.stk ,pid = -1 ,alwaysRestrict = true ,startMode = 2 ,UidRec:UidRecord{d1ba7c6 1001 PER  procs:4 seq(0,0,0)}
03-30 01:56:03.168  1520  1563 D _V_ActivityManager: StartMode packageName = com.android.stk ,pid = -1 ,alwaysRestrict = true ,startMode = 2 ,UidRec:UidRecord{d1ba7c6 1001 PER  procs:4 seq(0,0,0)}
03-30 01:56:03.182  1520  1563 I ActivityManager: Killing 16675:org.telegram.messenger/u0a207 (adj 975): empty for 1818s
03-30 01:56:03.188  1520  1563 E _V_VivoPerfManager: VivoPerfManager() Ux Perf: Exception = java.lang.ClassNotFoundException: com.qualcomm.qti.UxPerformance
03-30 01:56:03.189  1520  1563 I ANDR-VIVO-PERF: perf_ux_engine_events
03-30 01:56:05.563  1520  2623 V _V_VivoStats: noteWhich 44, arg1 = 1001, arg2 = 2493, name = *telephony-radio*
03-30 01:56:25.563  1520  2623 V _V_VivoStats: noteWhich 44, arg1 = 1001, arg2 = 2493, name = *telephony-radio*
03-30 01:56:29.771  1520  1563 D _V_ActivityManager: StartMode packageName = com.android.stk ,pid = -1 ,alwaysRestrict = true ,startMode = 2 ,UidRec:UidRecord{d1ba7c6 1001 PER  procs:4 seq(0,0,0)}
03-30 01:56:44.712  1520  1563 D _V_ActivityManager: StartMode packageName = com.google.android.gms ,pid = -1 ,alwaysRestrict = true ,startMode = 2 ,UidRec:UidRecord{fba3bda u0a172 BFGS procs:4 seq(0,0,0)}
03-30 01:56:48.506  1520  1563 D _V_ActivityManager: StartMode packageName = com.vivo.appfilter ,pid = -1 ,alwaysRestrict = true ,startMode = 2 ,UidRec:UidRecord{9908669 1000 PER  procs:22 seq(0,0,0)}
03-30 01:56:48.506  1520  1563 W BroadcastQueue: Background execution not allowed: receiving Intent { act=android.intent.action.PACKAGE_RESTARTED dat=package:com.android.bbklog flg=0x10 (has extras) } to com.vivo.appfilter/.receiver.VivoBringupPkgReceiver
03-30 01:56:56.374  1520  1563 D _V_ActivityManager: StartMode packageName = com.android.stk ,pid = -1 ,alwaysRestrict = true ,startMode = 2 ,UidRec:UidRecord{d1ba7c6 1001 PER  procs:4 seq(0,0,0)}
03-30 01:57:22.976  1520  1563 D _V_ActivityManager: StartMode packageName = com.android.stk ,pid = -1 ,alwaysRestrict = true ,startMode = 2 ,UidRec:UidRecord{d1ba7c6 1001 PER  procs:4 seq(0,0,0)}
03-30 01:57:49.581  1520  1563 D _V_ActivityManager: StartMode packageName = com.android.stk ,pid = -1 ,alwaysRestrict = true ,startMode = 2 ,UidRec:UidRecord{d1ba7c6 1001 PER  procs:4 seq(0,0,0)}
03-30 01:58:16.182  1520  1563 D _V_ActivityManager: StartMode packageName = com.android.stk ,pid = -1 ,alwaysRestrict = true ,startMode = 2 ,UidRec:UidRecord{d1ba7c6 1001 PER  procs:4 seq(0,0,0)}
03-30 01:58:42.785  1520  1563 D _V_ActivityManager: StartMode packageName = com.android.stk ,pid = -1 ,alwaysRestrict = true ,startMode = 2 ,UidRec:UidRecord{d1ba7c6 1001 PER  procs:4 seq(0,0,0)}
03-30 01:59:09.385  1520  1563 D _V_ActivityManager: StartMode packageName = com.android.stk ,pid = -1 ,alwaysRestrict = true ,startMode = 2 ,UidRec:UidRecord{d1ba7c6 1001 PER  procs:4 seq(0,0,0)}
03-30 01:59:35.988  1520  1563 D _V_ActivityManager: StartMode packageName = com.android.stk ,pid = -1 ,alwaysRestrict = true ,startMode = 2 ,UidRec:UidRecord{d1ba7c6 1001 PER  procs:4 seq(0,0,0)}
03-30 02:00:02.595  1520  1563 D _V_ActivityManager: StartMode packageName = com.android.stk ,pid = -1 ,alwaysRestrict = true ,startMode = 2 ,UidRec:UidRecord{d1ba7c6 1001 PER  procs:4 seq(0,0,0)}
