03-30 01:15:00.516  1520  1563 W BroadcastQueue: Permission Denial: broadcasting Intent { act=android.net.conn.CONNECTIVITY_CHANGE flg=0x4200010 (has extras) } from null (pid=-1, uid=-1) requires com.facebook.permission.prod.FB_APP_COMMUNICATION due to registered receiver BroadcastFilter{fe03099 99910197/u999 ReceiverList{91845e0 12519 com.facebook.katana/99910197/u999 remote:a0fd7e3}}
03-30 01:15:15.696  1520  1563 D _V_ActivityManager: StartMode packageName = com.android.stk ,pid = -1 ,alwaysRestrict = true ,startMode = 2 ,UidRec:UidRecord{d1ba7c6 1001 PER  procs:4 seq(0,0,0)}
03-30 01:15:20.921  1520  1563 D _V_ActivityManager: StartMode packageName = org.telegram.messenger ,pid = -1 ,alwaysRestrict = true ,startMode = 2 ,UidRec:UidRecord{49a60b4 u0a207 TRNB bg:+5s85ms procs:1 seq(0,0,0)}
03-30 01:15:32.451  1520  1563 D _V_ActivityManager: StartMode packageName = org.telegram.messenger ,pid = -1 ,alwaysRestrict = true ,startMode = 2 ,UidRec:UidRecord{49a60b4 u0a207 SVC  whitelist procs:1 seq(0,0,0)}
03-30 01:15:37.563  1520  1733 D ConnectivityService: sending notification CALLBACK_CAP_CHANGED for NetworkRequest [ TRACK_DEFAULT id=1591, [ Capabilities: INTERNET&NOT_RESTRICTED&TRUSTED Uid: 10207] ]
03-30 01:15:42.293  1520  1563 D _V_ActivityManager: StartMode packageName = com.android.stk ,pid = -1 ,alwaysRestrict = true ,startMode = 2 ,UidRec:UidRecord{d1ba7c6 1001 PER  procs:4 seq(0,0,0)}
03-30 01:15:48.144  1520  1563 D _V_ActivityManager: StartMode packageName = org.telegram.messenger ,pid = -1 ,alwaysRestrict = true ,startMode = 2 ,UidRec:UidRecord{49a60b4 u0a207 SVC  whitelist procs:1 seq(0,0,0)}
03-30 01:15:55.253  1520  1563 D _V_ActivityManager: StartMode packageName = com.vivo.appfilter ,pid = -1 ,alwaysRestrict = true ,startMode = 2 ,UidRec:UidRecord{9908669 1000 PER  procs:22 seq(0,0,0)}
03-30 01:15:55.253  1520  1563 W BroadcastQueue: Background execution not allowed: receiving Intent { act=android.intent.action.PACKAGE_RESTARTED dat=package:com.android.bbklog flg=0x10 (has extras) } to com.vivo.appfilter/.receiver.VivoBringupPkgReceiver
03-30 01:16:00.563  1520  1733 D ConnectivityService: sending notification CALLBACK_CAP_CHANGED for NetworkRequest [ REQUEST id=10, [ Capabilities: INTERNET&NOT_RESTRICTED&TRUSTED&NOT_VPN] ]
03-30 01:16:00.563  1520  1733 D ConnectivityService: sending notification CALLBACK_CAP_CHANGED for NetworkRequest [ LISTEN id=11, [ Transports: CELLULAR Capabilities: INTERNET&NOT_RESTRICTED&TRUSTED&NOT_VPN Uid: 1000] ]
03-30 01:16:00.563  1520  1733 D ConnectivityService: sending notification CALLBACK_CAP_CHANGED for NetworkRequest [ LISTEN id=12, [ Capabilities: NOT_RESTRICTED&TRUSTED&NOT_VPN Uid: 1000] ]
03-30 01:16:08.897  1520  1563 D _V_ActivityManager: StartMode packageName = com.android.stk ,pid = -1 ,alwaysRestrict = true ,startMode = 2 ,UidRec:UidRecord{d1ba7c6 1001 PER  procs:4 seq(0,0,0)}
03-30 01:16:16.563  1520  1733 D ConnectivityService: sending notification CALLBACK_CAP_CHANGED for NetworkRequest [ LISTEN id=70, [ Capabilities: INTERNET&NOT_RESTRICTED&TRUSTED Uid: 10172] ]
03-30 01:16:16.563  1520  1733 D ConnectivityService: sending notification CALLBACK_CAP_CHANGED for NetworkRequest [ TRACK_DEFAULT id=71, [ Capabilities: INTERNET&NOT_RESTRICTED&TRUSTED Uid: 10172] ]
03-30 01:16:26.926  1520  1563 D _V_ActivityManager: StartMode packageName = org.telegram.messenger ,pid = -1 ,alwaysRestrict = true ,startMode = 2 ,UidRec:UidRecord{49a60b4 u0a207 SVC  bg:+18s757ms procs:1 seq(0,0,0)}
03-30 01:16:33.563  1520  1733 D ConnectivityService: sending notification CALLBACK_CAP_CHANGED for NetworkRequest [ TRACK_DEFAULT id=1194, [ Capabilities: INTERNET&NOT_RESTRICTED&TRUSTED Uid: 10200] ]
03-30 01:16:33.563  1520  1733 D ConnectivityService: sending notification CALLBACK_CAP_CHANGED for NetworkRequest [ TRACK_DEFAULT id=1197, [ Capabilities: INTERNET&NOT_RESTRICTED&TRUSTED Uid: 10200] ]
03-30 01:16:34.563  1520  1733 D ConnectivityService: sending notification CALLBACK_CAP_CHANGED for NetworkRequest [ LISTEN id=1679, [ Capabilities: INTERNET&NOT_RESTRICTED&TRUSTED Uid: 10202] ]
03-30 01:16:35.505  1520  1563 D _V_ActivityManager: StartMode packageName = com.android.stk ,pid = -1 ,alwaysRestrict = true ,startMode = 2 ,UidRec:UidRecord{d1ba7c6 1001 PER  procs:4 seq(0,0,0)}
03-30 01:16:42.568  1520  1563 D _V_ActivityManager: StartMode packageName = org.telegram.messenger ,pid = -1 ,alwaysRestrict = true ,startMode = 2 ,UidRec:UidRecord{49a60b4 u0a207 SVC  whitelist procs:1 seq(0,0,0)}
03-30 01:16:48.563  1520  1733 D ConnectivityService: sending notification CALLBACK_CAP_CHANGED for NetworkRequest [ TRACK_DEFAULT id=1698, [ Capabilities: INTERNET&NOT_RESTRICTED&TRUSTED Uid: 10179] ]
03-30 01:16:49.563  1520  1733 D ConnectivityService: sending notification CALLBACK_CAP_CHANGED for NetworkRequest [ LISTEN id=1678, [ Capabilities: INTERNET&NOT_RESTRICTED&TRUSTED Uid: 10202] ]
03-30 01:16:53.563  1520  1733 D ConnectivityService: sending notification CALLBACK_CAP_CHANGED for NetworkRequest [ TRACK_DEFAULT id=1194, [ Capabilities: INTERNET&NOT_RESTRICTED&TRUSTED Uid: 10200] ]
03-30 01:16:54.563  1520  1733 D ConnectivityService: sending notification CALLBACK_CAP_CHANGED for NetworkRequest [ TRACK_DEFAULT id=123, [ Capabilities: INTERNET&NOT_RESTRICTED&TRUSTED Uid: 99910172] ]
03-30 01:16:55.844  1520  1563 D _V_ActivityManager: StartMode packageName = com.vivo.appfilter ,pid = -1 ,alwaysRestrict = true ,startMode = 2 ,UidRec:UidRecord{9908669 1000 PER  procs:22 seq(0,0,0)}
03-30 01:16:55.844  1520  1563 W BroadcastQueue: Background execution not allowed: receiving Intent { act=android.intent.action.PACKAGE_RESTARTED dat=package:com.android.bbklog flg=0x10 (has extras) } to com.vivo.appfilter/.receiver.VivoBringupPkgReceiver
03-30 01:16:58.563  1520  1733 D ConnectivityService: sending notification CALLBACK_CAP_CHANGED for NetworkRequest [ LISTEN id=1678, [ Capabilities: INTERNET&NOT_RESTRICTED&TRUSTED Uid: 10202] ]
03-30 01:16:59.197  1520  1563 D _V_ActivityManager: StartMode packageName = org.telegram.messenger ,pid = -1 ,alwaysRestrict = true ,startMode = 2 ,UidRec:UidRecord{49a60b4 u0a207 SVC  whitelist procs:1 seq(0,0,0)}
03-30 01:17:02.133  1520  1563 D _V_ActivityManager: StartMode packageName = com.android.stk ,pid = -1 ,alwaysRestrict = true ,startMode = 2 ,UidRec:UidRecord{d1ba7c6 1001 PER  procs:4 seq(0,0,0)}
03-30 01:17:11.967  1520  1563 D _V_ActivityManager: StartMode packageName = org.telegram.messenger ,pid = -1 ,alwaysRestrict = true ,startMode = 2 ,UidRec:UidRecord{49a60b4 u0a207 SVC  whitelist procs:1 seq(0,0,0)}
03-30 01:17:28.706  1520  1563 D _V_ActivityManager: StartMode packageName = com.android.stk ,pid = -1 ,alwaysRestrict = true ,startMode = 2 ,UidRec:UidRecord{d1ba7c6 1001 PER  procs:4 seq(0,0,0)}
03-30 01:17:55.309  1520  1563 D _V_ActivityManager: StartMode packageName = com.android.stk ,pid = -1 ,alwaysRestrict = true ,startMode = 2 ,UidRec:UidRecord{d1ba7c6 1001 PER  procs:4 seq(0,0,0)}
03-30 01:17:56.188  1520  1563 D _V_ActivityManager: StartMode packageName = org.telegram.messenger ,pid = -1 ,alwaysRestrict = true ,startMode = 2 ,UidRec:UidRecord{49a60b4 u0a207 SVC  bg:+24s212ms procs:1 seq(0,0,0)}
03-30 01:18:02.293  1520  1563 D _V_ActivityManager: StartMode packageName = com.vivo.appfilter ,pid = -1 ,alwaysRestrict = true ,startMode = 2 ,UidRec:UidRecord{9908669 1000 PER  procs:22 seq(0,0,0)}
03-30 01:18:02.293  1520  1563 W BroadcastQueue: Background execution not allowed: receiving Intent { act=android.intent.action.PACKAGE_RESTARTED dat=package:com.android.bbklog flg=0x10 (has extras) } to com.vivo.appfilter/.receiver.VivoBringupPkgReceiver
03-30 01:18:08.563  1520  1733 D ConnectivityService: sending notification CALLBACK_CAP_CHANGED for NetworkRequest [ REQUEST id=10, [ Capabilities: INTERNET&NOT_RESTRICTED&TRUSTED&NOT_VPN] ]
03-30 01:18:08.563  1520  1733 D ConnectivityService: sending notification CALLBACK_CAP_CHANGED for NetworkRequest [ LISTEN id=11, [ Transports: CELLULAR Capabilities: INTERNET&NOT_RESTRICTED&TRUSTED&NOT_VPN Uid: 1000] ]
03-30 01:18:08.563  1520  1733 D ConnectivityService: sending notification CALLBACK_CAP_CHANGED for NetworkRequest [ LISTEN id=12, [ Capabilities: NOT_RESTRICTED&TRUSTED&NOT_VPN Uid: 1000] ]
03-30 01:18:08.563  1520  1733 D ConnectivityService: sending notification CALLBACK_CAP_CHANGED for NetworkRequest [ TRACK_DEFAULT id=13, [ Capabilities: INTERNET&NOT_RESTRICTED&TRUSTED Uid: 1000] ]
03-30 01:18:08.563  1520  1733 D ConnectivityService: sending notification CALLBACK_CAP_CHANGED for NetworkRequest [ LISTEN id=14, [ Capabilities: INTERNET&NOT_RESTRICTED&TRUSTED&VALIDATED Uid: 1000] ]
03-30 01:18:08.563  1520  1733 D ConnectivityService: sending notification CALLBACK_CAP_CHANGED for NetworkRequest [ LISTEN id=15, [ Capabilities: NOT_RESTRICTED&TRUSTED&NOT_VPN&FOREGROUND Uid: 10143] ]
03-30 01:18:08.609  1520  1563 D _V_ActivityManager: StartMode packageName = org.telegram.messenger ,pid = -1 ,alwaysRestrict = true ,startMode = 2 ,UidRec:UidRecord{49a60b4 u0a207 TRNB whitelist procs:1 seq(0,0,0)}
03-30 01:18:21.910  1520  1563 D _V_ActivityManager: StartMode packageName = com.android.stk ,pid = -1 ,alwaysRestrict = true ,startMode = 2 ,UidRec:UidRecord{d1ba7c6 1001 PER  procs:4 seq(0,0,0)}
03-30 01:18:33.891  1520  1563 D _V_ActivityManager: StartMode packageName = org.telegram.messenger ,pid = -1 ,alwaysRestrict = true ,startMode = 2 ,UidRec:UidRecord{49a60b4 u0a207 TRNB bg:+5s268ms procs:1 seq(0,0,0)}
03-30 01:18:34.808  1520  1563 D _V_ActivityManager: StartMode packageName = com.facebook.katana ,pid = -1 ,alwaysRestrict = true ,startMode = 2 ,UidRec:UidRecord{47898a6 u0a197 TOP  procs:1 seq(0,0,0)}
03-30 01:18:44.121  1520  1563 D _V_ActivityManager: StartMode packageName = org.telegram.messenger ,pid = -1 ,alwaysRestrict = true ,startMode = 2 ,UidRec:UidRecord{49a60b4 u0a207 SVC  whitelist procs:1 seq(0,0,0)}
03-30 01:18:48.514  1520  1563 D _V_ActivityManager: StartMode packageName = com.android.stk ,pid = -1 ,alwaysRestrict = true ,startMode = 2 ,UidRec:UidRecord{d1ba7c6 1001 PER  procs:4 seq(0,0,0)}
03-30 01:18:56.563  1520  1520 D _V_DisplayPowerControllerImpl: mSettingBrightness = 5 as request 4
03-30 01:19:00.140  1520  1563 D _V_ActivityManager: StartMode packageName = org.telegram.messenger ,pid = -1 ,alwaysRestrict = true ,startMode = 2 ,UidRec:UidRecord{49a60b4 u0a207 SVC  whitelist procs:1 seq(0,0,0)}
03-30 01:19:00.236  1520  1563 D _V_ActivityManager: StartMode packageName = com.facebook.orca ,pid = -1 ,alwaysRestrict = true ,startMode = 2 ,UidRec:UidRecord{9e0af7a u0a208 SVC  bg:+30m45s813ms idle procs:1 seq(0,0,0)}
03-30 01:19:02.767  1520  1563 D _V_ActivityManager: StartMode packageName = com.vivo.appfilter ,pid = -1 ,alwaysRestrict = true ,startMode = 2 ,UidRec:UidRecord{9908669 1000 PER  procs:22 seq(0,0,0)}
03-30 01:19:02.767  1520  1563 W BroadcastQueue: Background execution not allowed: receiving Intent { act=android.intent.action.PACKAGE_RESTARTED dat=package:com.android.bbklog flg=0x10 (has extras) } to com.vivo.appfilter/.receiver.VivoBringupPkgReceiver
03-30 01:19:11.416  1520  1563 D _V_ActivityManager: StartMode packageName = org.telegram.messenger ,pid = -1 ,alwaysRestrict = true ,startMode = 2 ,UidRec:UidRecord{49a60b4 u0a207 SVC  whitelist procs:1 seq(0,0,0)}
03-30 01:19:15.117  1520  1563 D _V_ActivityManager: StartMode packageName = com.android.stk ,pid = -1 ,alwaysRestrict = true ,startMode = 2 ,UidRec:UidRecord{d1ba7c6 1001 PER  procs:4 seq(0,0,0)}
03-30 01:19:25.798  1520  1563 D _V_ActivityManager: StartMode packageName = org.telegram.messenger ,pid = -1 ,alwaysRestrict = true ,startMode = 2 ,UidRec:UidRecord{49a60b4 u0a207 SVC  whitelist procs:1 seq(0,0,0)}
03-30 01:19:38.934  1520  1563 D _V_ActivityManager: StartMode packageName = org.telegram.messenger ,pid = -1 ,alwaysRestrict = true ,startMode = 2 ,UidRec:UidRecord{49a60b4 u0a207 SVC  whitelist procs:1 seq(0,0,0)}
03-30 01:19:41.308  1520  1563 D _V_ActivityManager: StartMode packageName = com.google.android.gms ,pid = -1 ,alwaysRestrict = true ,startMode = 2 ,UidRec:UidRecord{fba3bda u0a172 BTOP procs:5 seq(0,0,0)}
03-30 01:19:41.308  1520  1563 W BroadcastQueue: Background execution not allowed: receiving Intent { act=android.intent.action.ACTION_POWER_CONNECTED flg=0x4000010 (has extras) } to com.google.android.gms/.gcm.nts.SchedulerReceiver
03-30 01:19:41.308  1520  1563 D _V_ActivityManager: StartMode packageName = com.google.android.gms ,pid = -1 ,alwaysRestrict = true ,startMode = 2 ,UidRec:UidRecord{fba3bda u0a172 BTOP procs:5 seq(0,0,0)}
03-30 01:19:41.309  1520  1563 W BroadcastQueue: Background execution not allowed: receiving Intent { act=android.intent.action.ACTION_POWER_CONNECTED flg=0x4000010 (has extras) } to com.google.android.gms/.chimera.GmsIntentOperationService$PersistentTrustedReceiver
03-30 01:19:41.337  1520  1563 D _V_ActivityManager: StartMode packageName = com.google.android.projection.gearhead ,pid = -1 ,alwaysRestrict = true ,startMode = 2 ,UidRec:null
03-30 01:19:41.337  1520  1563 W BroadcastQueue: Background execution not allowed: receiving Intent { act=android.intent.action.ACTION_POWER_CONNECTED flg=0x4000010 (has extras) } to com.google.android.projection.gearhead/com.google.android.apps.auto.components.connectivity.impl.ConnectivityEventHandlerImpl$ConnectivityEventBroadcastReceiver
03-30 01:19:41.337  1520  1563 D _V_ActivityManager: StartMode packageName = com.vivo.gallery ,pid = -1 ,alwaysRestrict = true ,startMode = 2 ,UidRec:null
03-30 01:19:41.337  1520  1563 W BroadcastQueue: Background execution not allowed: receiving Intent { act=android.intent.action.ACTION_POWER_CONNECTED flg=0x4000010 (has extras) } to com.vivo.gallery/com.android.gallery3d.vivo.PowerEventBroadcastReceiver
03-30 01:19:41.338  1520  1563 D _V_ActivityManager: StartMode packageName = com.facebook.katana ,pid = -1 ,alwaysRestrict = true ,startMode = 2 ,UidRec:UidRecord{47898a6 u0a197 TOP  procs:1 seq(0,0,0)}
03-30 01:19:41.338  1520  1563 W BroadcastQueue: Background execution not allowed: receiving Intent { act=android.intent.action.ACTION_POWER_CONNECTED flg=0x4000010 (has extras) } to com.facebook.katana/com.facebook.battery.monitor.ContinuousBatteryMonitorService$BroadcastReceiver
03-30 01:19:41.338  1520  1563 D _V_ActivityManager: StartMode packageName = com.opera.browser ,pid = -1 ,alwaysRestrict = true ,startMode = 2 ,UidRec:null
03-30 01:19:41.338  1520  1563 W BroadcastQueue: Background execution not allowed: receiving Intent { act=android.intent.action.ACTION_POWER_CONNECTED flg=0x4000010 (has extras) } to com.opera.browser/com.opera.android.news.newsfeed.internal.NewsFeedSystemReceiver
03-30 01:19:41.338  1520  1563 D _V_ActivityManager: StartMode packageName = com.uc.browser.en ,pid = -1 ,alwaysRestrict = true ,startMode = 2 ,UidRec:UidRecord{8510da3 u0a202 BFGS change:active|uncached procs:2 seq(0,0,0)}
03-30 01:19:41.338  1520  1563 W BroadcastQueue: Background execution not allowed: receiving Intent { act=android.intent.action.ACTION_POWER_CONNECTED flg=0x4000010 (has extras) } to com.uc.browser.en/com.uc.browser.bgprocess.BackgroundProcessBroadcastReveiver
03-30 01:19:41.339  1520  1563 D _V_ActivityManager: StartMode packageName = com.uc.browser.en ,pid = -1 ,alwaysRestrict = true ,startMode = 2 ,UidRec:UidRecord{8510da3 u0a202 BFGS change:active|uncached procs:2 seq(0,0,0)}
03-30 01:19:41.339  1520  1563 W BroadcastQueue: Background execution not allowed: receiving Intent { act=android.intent.action.ACTION_POWER_CONNECTED flg=0x4000010 (has extras) } to com.uc.browser.en/com.uc.ud.UdReceiver
03-30 01:19:41.353  1520  1563 D _V_ActivityManager: StartMode packageName = com.google.android.gms ,pid = -1 ,alwaysRestrict = true ,startMode = 2 ,UidRec:UidRecord{23b56b4 u999a172 FGS  procs:1 seq(0,0,0)}
03-30 01:19:41.353  1520  1563 W BroadcastQueue: Background execution not allowed: receiving Intent { act=android.intent.action.ACTION_POWER_CONNECTED flg=0x4000010 (has extras) } to com.google.android.gms/.gcm.nts.SchedulerReceiver
03-30 01:19:41.353  1520  1563 D _V_ActivityManager: StartMode packageName = com.google.android.gms ,pid = -1 ,alwaysRestrict = true ,startMode = 2 ,UidRec:UidRecord{23b56b4 u999a172 FGS  procs:1 seq(0,0,0)}
03-30 01:19:41.353  1520  1563 W BroadcastQueue: Background execution not allowed: receiving Intent { act=android.intent.action.ACTION_POWER_CONNECTED flg=0x4000010 (has extras) } to com.google.android.gms/.chimera.GmsIntentOperationService$PersistentTrustedReceiver
03-30 01:19:41.354  1520  1563 D _V_ActivityManager: StartMode packageName = com.vivo.gallery ,pid = -1 ,alwaysRestrict = true ,startMode = 2 ,UidRec:null
03-30 01:19:45.676  1520  1563 V ActivityManager: Attempted to start a foreground service (com.android.bbkmusic/.service.MusicService) with a broken notification (no icon: Notification(channel=com.android.bbkmusic.PLAY_ID pri=0 contentView=null vibrate=null sound=null defaults=0x0 flags=0x40 color=0x00000000 vis=PRIVATE internalType=0 internalPriority=0 internalGroupPriority=0 internalFlag=0))
03-30 01:19:45.812  1520  1563 V ActivityManager: Attempted to start a foreground service (com.android.bbkmusic/.service.MusicService) with a broken notification (no icon: Notification(channel=com.android.bbkmusic.PLAY_ID pri=0 contentView=null vibrate=null sound=null defaults=0x0 flags=0x40 color=0x00000000 vis=PRIVATE internalType=0 internalPriority=0 internalGroupPriority=0 internalFlag=0))
03-30 01:19:46.160  1520  1563 V ActivityManager: Attempted to start a foreground service (com.android.bbkmusic/.service.MusicService) with a broken notification (no icon: Notification(channel=com.android.bbkmusic.PLAY_ID pri=0 contentView=null vibrate=null sound=null defaults=0x0 flags=0x40 color=0x00000000 vis=PRIVATE internalType=0 internalPriority=0 internalGroupPriority=0 internalFlag=0))
03-30 01:19:46.177  1520  1563 V ActivityManager: Attempted to start a foreground service (com.android.bbkmusic/.service.MusicService) with a broken notification (no icon: Notification(channel=com.android.bbkmusic.PLAY_ID pri=0 contentView=null vibrate=null sound=null defaults=0x0 flags=0x40 color=0x00000000 vis=PRIVATE internalType=0 internalPriority=0 internalGroupPriority=0 internalFlag=0))
03-30 01:19:46.563  2385  2385 W ContextImpl: Calling a method in the system process without a qualified user: android.app.ContextImpl.sendBroadcast:1086 android.content.ContextWrapper.sendBroadcast:453 com.vivo.daemonService.bbkcloud.BBKCloudReceiver.a:71 com.vivo.daemonService.bbkcloud.BBKCloudReceiver.onReceive:47 android.app.LoadedApk$ReceiverDispatcher$Args.lambda$getRunnable$0$LoadedApk$ReceiverDispatcher$Args:1618 
03-30 01:19:46.780  1520  1563 D _V_ActivityManager: StartMode packageName = com.android.carrierdefaultapp ,pid = -1 ,alwaysRestrict = true ,startMode = 2 ,UidRec:null
03-30 01:19:49.168  1520  1563 V ActivityManager: Attempted to start a foreground service (com.android.bbkmusic/.service.MusicService) with a broken notification (no icon: Notification(channel=com.android.bbkmusic.PLAY_ID pri=0 contentView=null vibrate=null sound=null defaults=0x0 flags=0x40 color=0x00000000 vis=PRIVATE internalType=0 internalPriority=0 internalGroupPriority=0 internalFlag=0))
03-30 01:19:50.898  1520  1563 V ActivityManager: Attempted to start a foreground service (com.android.bbkmusic/.service.MusicService) with a broken notification (no icon: Notification(channel=com.android.bbkmusic.PLAY_ID pri=0 contentView=null vibrate=null sound=null defaults=0x0 flags=0x40 color=0x00000000 vis=PRIVATE internalType=0 internalPriority=0 internalGroupPriority=0 internalFlag=0))
03-30 01:19:52.373  1520  1563 D _V_ActivityManager: StartMode packageName = com.bbk.updater ,pid = -1 ,alwaysRestrict = true ,startMode = 2 ,UidRec:UidRecord{d48a311 u0a139 SVC  bg:+22h56m47s729ms idle change:idle procs:2 seq(0,0,0)}
03-30 01:19:53.563  1520  1590 I PowerManagerService: Sleeping (uid 1000)...
03-30 01:19:53.563  1520  1590 I PowerManagerService: setWakefulnessLocked = Asleep
03-30 01:19:54.513  1520  1563 D _V_ActivityManager: StartMode packageName = com.android.phone ,pid = -1 ,alwaysRestrict = true ,startMode = 2 ,UidRec:UidRecord{d1ba7c6 1001 PER  procs:4 seq(0,0,0)}
03-30 01:19:55.761  1520  1563 D _V_ActivityManager: StartMode packageName = com.google.android.gms ,pid = -1 ,alwaysRestrict = true ,startMode = 2 ,UidRec:UidRecord{fba3bda u0a172 FGSL procs:5 seq(0,0,0)}
03-30 01:19:56.883  1520  1563 D _V_ActivityManager: StartMode packageName = com.google.android.gms ,pid = -1 ,alwaysRestrict = true ,startMode = 2 ,UidRec:UidRecord{23b56b4 u999a172 FGS  procs:5 seq(0,0,0)}
03-30 01:19:57.203  1520  1563 D _V_ActivityManager: StartMode packageName = com.google.android.gms ,pid = -1 ,alwaysRestrict = true ,startMode = 2 ,UidRec:UidRecord{23b56b4 u999a172 FGS  procs:5 seq(0,0,0)}
03-30 01:19:57.312  1520  1563 D _V_ActivityManager: StartMode packageName = com.google.android.gms ,pid = -1 ,alwaysRestrict = true ,startMode = 2 ,UidRec:UidRecord{fba3bda u0a172 FGSL procs:5 seq(0,0,0)}
03-30 01:19:58.739  1520  1563 D _V_ActivityManager: StartMode packageName = com.vivo.safecenter ,pid = -1 ,alwaysRestrict = true ,startMode = 2 ,UidRec:UidRecord{2058268 u0a77 SVC  idle procs:1 seq(0,0,0)}
03-30 01:19:59.262  1520  1563 D _V_ActivityManager: StartMode packageName = com.vivo.networkimprove ,pid = -1 ,alwaysRestrict = true ,startMode = 2 ,UidRec:UidRecord{8ee6a90 u0a116 CEM  idle change:cached procs:1 seq(0,0,0)}
03-30 01:19:59.475  1520  1563 D _V_ActivityManager: StartMode packageName = com.facebook.mlite ,pid = -1 ,alwaysRestrict = true ,startMode = 2 ,UidRec:UidRecord{77f6e08 u0a209 LAST idle change:cached procs:1 seq(0,0,0)}
03-30 01:20:00.589  1520  1563 D _V_ActivityManager: StartMode packageName = com.uc.browser.en ,pid = -1 ,alwaysRestrict = true ,startMode = 2 ,UidRec:UidRecord{8510da3 u0a202 BFGS change:active|uncached procs:4 seq(0,0,0)}
03-30 01:20:02.704  1520  1563 D _V_ActivityManager: StartMode packageName = com.vivo.contentcatcher ,pid = -1 ,alwaysRestrict = true ,startMode = 2 ,UidRec:UidRecord{9908669 1000 PER  procs:23 seq(0,0,0)}
03-30 01:20:02.704  1520  1563 W BroadcastQueue: Background execution not allowed: receiving Intent { act=android.intent.action.USER_PRESENT flg=0x4200010 } to com.vivo.contentcatcher/.daemon.BootCompleteReceiver
03-30 01:20:02.709  1520  1563 D _V_ActivityManager: StartMode packageName = com.android.chrome ,pid = -1 ,alwaysRestrict = true ,startMode = 2 ,UidRec:null
03-30 01:20:02.709  1520  1563 W BroadcastQueue: Background execution not allowed: receiving Intent { act=android.intent.action.USER_PRESENT flg=0x4200010 } to com.android.chrome/org.chromium.chrome.browser.sharing.click_to_call.ClickToCallMessageHandler$PhoneUnlockedReceiver
03-30 01:20:02.717  1520  1563 D _V_ActivityManager: StartMode packageName = com.facebook.services ,pid = -1 ,alwaysRestrict = true ,startMode = 2 ,UidRec:null
03-30 01:20:02.717  1520  1563 W BroadcastQueue: Background execution not allowed: receiving Intent { act=android.intent.action.USER_PRESENT flg=0x4200010 } to com.facebook.services/com.facebook.oxygen.services.fbns.RegisteredMqttSystemBroadcastReceiver
03-30 01:20:02.717  1520  1563 D _V_ActivityManager: StartMode packageName = com.google.android.gms ,pid = -1 ,alwaysRestrict = true ,startMode = 2 ,UidRec:UidRecord{fba3bda u0a172 FGSL procs:5 seq(0,0,0)}
03-30 01:20:02.717  1520  1563 W BroadcastQueue: Background execution not allowed: receiving Intent { act=android.intent.action.USER_PRESENT flg=0x4200010 } to com.google.android.gms/.auth.setup.devicesignals.LockScreenReceiver
03-30 01:20:02.877  1520  1563 D _V_ActivityManager: StartMode packageName = com.google.android.gms ,pid = -1 ,alwaysRestrict = true ,startMode = 2 ,UidRec:UidRecord{fba3bda u0a172 FGSL procs:5 seq(0,0,0)}
03-30 01:20:02.878  1520  1563 W BroadcastQueue: Background execution not allowed: receiving Intent { act=android.intent.action.USER_PRESENT flg=0x4200010 } to com.google.android.gms/.chimera.GmsIntentOperationService$PersistentTrustedReceiver
03-30 01:20:02.942  1520  1563 D _V_ActivityManager: StartMode packageName = com.vivo.appfilter ,pid = -1 ,alwaysRestrict = true ,startMode = 2 ,UidRec:UidRecord{9908669 1000 PER  procs:23 seq(0,0,0)}
03-30 01:20:02.942  1520  1563 W BroadcastQueue: Background execution not allowed: receiving Intent { act=android.intent.action.USER_PRESENT flg=0x4200010 } to com.vivo.appfilter/.receiver.VivoBringupPkgReceiver
03-30 01:20:02.951  1520  1563 D _V_ActivityManager: StartMode packageName = com.vivo.safecenter ,pid = -1 ,alwaysRestrict = true ,startMode = 2 ,UidRec:UidRecord{2058268 u0a77 SVC  idle procs:1 seq(0,0,0)}
03-30 01:20:02.951  1520  1563 W BroadcastQueue: Background execution not allowed: receiving Intent { act=android.intent.action.USER_PRESENT flg=0x4200010 } to com.vivo.safecenter/.receiver.SafeCenterReceiver
03-30 01:20:02.952  1520  1563 D _V_ActivityManager: StartMode packageName = com.opera.browser ,pid = -1 ,alwaysRestrict = true ,startMode = 2 ,UidRec:null
03-30 01:20:02.952  1520  1563 W BroadcastQueue: Background execution not allowed: receiving Intent { act=android.intent.action.USER_PRESENT flg=0x4200010 } to com.opera.browser/com.opera.android.gcm.PushNotificationSystemReceiver
03-30 01:20:02.952  1520  1563 D _V_ActivityManager: StartMode packageName = com.android.chrome ,pid = -1 ,alwaysRestrict = true ,startMode = 2 ,UidRec:null
03-30 01:20:02.952  1520  1563 W BroadcastQueue: Background execution not allowed: receiving Intent { act=android.intent.action.USER_PRESENT flg=0x4200010 } to com.android.chrome/org.chromium.chrome.browser.sharing.click_to_call.ClickToCallMessageHandler$PhoneUnlockedReceiver
03-30 01:20:02.993  1520  1563 D _V_ActivityManager: StartMode packageName = com.google.android.gms ,pid = -1 ,alwaysRestrict = true ,startMode = 2 ,UidRec:UidRecord{23b56b4 u999a172 FGS  procs:5 seq(0,0,0)}
03-30 01:20:02.993  1520  1563 W BroadcastQueue: Background execution not allowed: receiving Intent { act=android.intent.action.USER_PRESENT flg=0x4200010 } to com.google.android.gms/.auth.setup.devicesignals.LockScreenReceiver
03-30 01:20:02.993  1520  1563 D _V_ActivityManager: StartMode packageName = com.google.android.gms ,pid = -1 ,alwaysRestrict = true ,startMode = 2 ,UidRec:UidRecord{23b56b4 u999a172 FGS  procs:5 seq(0,0,0)}
03-30 01:20:02.993  1520  1563 W BroadcastQueue: Background execution not allowed: receiving Intent { act=android.intent.action.USER_PRESENT flg=0x4200010 } to com.google.android.gms/.chimera.GmsIntentOperationService$PersistentTrustedReceiver
03-30 01:20:02.994  1520  1563 D _V_ActivityManager: StartMode packageName = com.google.android.gms ,pid = -1 ,alwaysRestrict = true ,startMode = 2 ,UidRec:UidRecord{fba3bda u0a172 FGSL procs:5 seq(0,0,0)}
03-30 01:20:03.260  1520  1563 D _V_ActivityManager: StartMode packageName = com.vivo.appfilter ,pid = -1 ,alwaysRestrict = true ,startMode = 2 ,UidRec:UidRecord{9908669 1000 PER  procs:22 seq(0,0,0)}
03-30 01:20:03.260  1520  1563 W BroadcastQueue: Background execution not allowed: receiving Intent { act=android.intent.action.PACKAGE_RESTARTED dat=package:com.android.bbklog flg=0x10 (has extras) } to com.vivo.appfilter/.receiver.VivoBringupPkgReceiver
03-30 01:20:04.360  1520  1563 D _V_ActivityManager: StartMode packageName = com.google.android.gms ,pid = -1 ,alwaysRestrict = true ,startMode = 2 ,UidRec:UidRecord{fba3bda u0a172 FGSL procs:5 seq(0,0,0)}
03-30 01:20:04.360  1520  1563 W BroadcastQueue: Background execution not allowed: receiving Intent { act=android.intent.action.DROPBOX_ENTRY_ADDED flg=0x10 (has extras) } to com.google.android.gms/.stats.service.DropBoxEntryAddedReceiver
03-30 01:20:04.361  1520  1563 D _V_ActivityManager: StartMode packageName = com.google.android.gms ,pid = -1 ,alwaysRestrict = true ,startMode = 2 ,UidRec:UidRecord{fba3bda u0a172 FGSL procs:5 seq(0,0,0)}
03-30 01:20:04.361  1520  1563 W BroadcastQueue: Background execution not allowed: receiving Intent { act=android.intent.action.DROPBOX_ENTRY_ADDED flg=0x10 (has extras) } to com.google.android.gms/.chimera.GmsIntentOperationService$PersistentTrustedReceiver
03-30 01:20:04.484  1520  1563 D _V_ActivityManager: StartMode packageName = com.google.android.gms ,pid = -1 ,alwaysRestrict = true ,startMode = 2 ,UidRec:UidRecord{fba3bda u0a172 FGSL procs:5 seq(0,0,0)}
03-30 01:20:04.484  1520  1563 W BroadcastQueue: Background execution not allowed: receiving Intent { act=android.intent.action.DROPBOX_ENTRY_ADDED flg=0x10 (has extras) } to com.google.android.gms/.stats.service.DropBoxEntryAddedReceiver
03-30 01:20:04.485  1520  1563 D _V_ActivityManager: StartMode packageName = com.google.android.gms ,pid = -1 ,alwaysRestrict = true ,startMode = 2 ,UidRec:UidRecord{fba3bda u0a172 FGSL procs:5 seq(0,0,0)}
03-30 01:20:04.485  1520  1563 W BroadcastQueue: Background execution not allowed: receiving Intent { act=android.intent.action.DROPBOX_ENTRY_ADDED flg=0x10 (has extras) } to com.google.android.gms/.chimera.GmsIntentOperationService$PersistentTrustedReceiver
03-30 01:20:05.573  1520  1563 V ActivityManager: Attempted to start a foreground service (com.android.bbkmusic/.service.MusicService) with a broken notification (no icon: Notification(channel=com.android.bbkmusic.PLAY_ID pri=0 contentView=null vibrate=null sound=null defaults=0x0 flags=0x40 color=0x00000000 vis=PRIVATE internalType=0 internalPriority=0 internalGroupPriority=0 internalFlag=0))
03-30 01:20:07.366  1520  1563 I ActivityManager: Waited long enough for: ServiceRecord{b8ec394 u0 com.vivo.audiofx/.AudioFxService}
03-30 01:20:08.319  1520  1563 D _V_ActivityManager: StartMode packageName = com.android.stk ,pid = -1 ,alwaysRestrict = true ,startMode = 2 ,UidRec:UidRecord{d1ba7c6 1001 PER  procs:4 seq(0,0,0)}
03-30 01:20:11.563  1520  1590 D _V_DisplayPowerControllerImpl: updatePowerState use=false enabled=false  state=ON
03-30 01:20:12.710  1520  1563 D _V_ActivityManager: StartMode packageName = com.google.android.gms ,pid = -1 ,alwaysRestrict = true ,startMode = 2 ,UidRec:UidRecord{fba3bda u0a172 FGSL procs:5 seq(0,0,0)}
03-30 01:20:19.428  1520  1563 D _V_ActivityManager: StartMode packageName = com.vivo.appfilter ,pid = -1 ,alwaysRestrict = true ,startMode = 2 ,UidRec:UidRecord{9908669 1000 PER  procs:22 seq(0,0,0)}
03-30 01:20:19.428  1520  1563 W BroadcastQueue: Background execution not allowed: receiving Intent { act=android.intent.action.PACKAGE_RESTARTED dat=package:com.uc.browser.en flg=0x10 (has extras) } to com.vivo.appfilter/.receiver.VivoBringupPkgReceiver
03-30 01:20:20.879  1520  2616 W ActivityManager: Receiver with filter android.content.IntentFilter@5634945 already registered for pid 14509, callerPackage is com.uc.browser.en
03-30 01:20:30.056  1520  1563 D _V_ActivityManager: StartMode packageName = com.uc.browser.en ,pid = -1 ,alwaysRestrict = true ,startMode = 2 ,UidRec:UidRecord{197c316 u0a202 BFGS change:active|uncached procs:2 seq(0,0,0)}
03-30 01:20:30.562  1520  1563 D _V_ActivityManager: StartMode packageName = com.uc.browser.en ,pid = -1 ,alwaysRestrict = true ,startMode = 2 ,UidRec:UidRecord{197c316 u0a202 BFGS change:active|uncached procs:2 seq(0,0,0)}
03-30 01:20:34.929  1520  1563 D _V_ActivityManager: StartMode packageName = com.android.stk ,pid = -1 ,alwaysRestrict = true ,startMode = 2 ,UidRec:UidRecord{d1ba7c6 1001 PER  procs:4 seq(0,0,0)}
03-30 01:20:44.356  1520  1563 D _V_ActivityManager: StartMode packageName = com.google.android.gms ,pid = -1 ,alwaysRestrict = true ,startMode = 2 ,UidRec:UidRecord{fba3bda u0a172 FGSL procs:5 seq(0,0,0)}
03-30 01:21:01.533  1520  1563 D _V_ActivityManager: StartMode packageName = com.android.stk ,pid = -1 ,alwaysRestrict = true ,startMode = 2 ,UidRec:UidRecord{d1ba7c6 1001 PER  procs:4 seq(0,0,0)}
03-30 01:21:17.820  1520  1563 D _V_ActivityManager: StartMode packageName = org.telegram.messenger ,pid = -1 ,alwaysRestrict = false ,startMode = 2 ,UidRec:UidRecord{49a60b4 u0a207 SVC  bg:+1m0s12ms idle procs:1 seq(0,0,0)}
03-30 01:21:17.820  1520  1563 W ActivityManager: Stopping service due to app idle: u0a207 -2h45m59s507ms org.telegram.messenger/.NotificationsService
03-30 01:21:17.862  1520  1563 D _V_ActivityManager: StartMode packageName = org.telegram.messenger ,pid = -1 ,alwaysRestrict = true ,startMode = 2 ,UidRec:UidRecord{49a60b4 u0a207 SVC  bg:+1m0s54ms idle change:idle procs:1 seq(0,0,0)}
03-30 01:21:17.862  1520  1563 W BroadcastQueue: Background execution not allowed: receiving Intent { act=org.telegram.start flg=0x10 } to org.telegram.messenger/.AppStartReceiver
03-30 01:21:18.055  1520  1563 D _V_ActivityManager: StartMode packageName = com.facebook.katana ,pid = -1 ,alwaysRestrict = false ,startMode = 2 ,UidRec:UidRecord{47898a6 u0a197 SVC  bg:+1m0s33ms idle procs:1 seq(0,0,0)}
03-30 01:21:18.056  1520  1563 W ActivityManager: Stopping service due to app idle: u0a197 -5h1m35s411ms com.facebook.katana/com.facebook.mqttlite.MqttService
03-30 01:21:28.142  1520  1563 D _V_ActivityManager: StartMode packageName = com.android.stk ,pid = -1 ,alwaysRestrict = true ,startMode = 2 ,UidRec:UidRecord{d1ba7c6 1001 PER  procs:4 seq(0,0,0)}
03-30 01:21:54.742  1520  1563 D _V_ActivityManager: StartMode packageName = com.android.stk ,pid = -1 ,alwaysRestrict = true ,startMode = 2 ,UidRec:UidRecord{d1ba7c6 1001 PER  procs:4 seq(0,0,0)}
03-30 01:22:21.337  1520  1563 D _V_ActivityManager: StartMode packageName = com.android.stk ,pid = -1 ,alwaysRestrict = true ,startMode = 2 ,UidRec:UidRecord{d1ba7c6 1001 PER  procs:4 seq(0,0,0)}
03-30 01:22:47.946  1520  1563 D _V_ActivityManager: StartMode packageName = com.android.stk ,pid = -1 ,alwaysRestrict = true ,startMode = 2 ,UidRec:UidRecord{d1ba7c6 1001 PER  procs:4 seq(0,0,0)}
03-30 01:23:14.553  1520  1563 D _V_ActivityManager: StartMode packageName = com.android.stk ,pid = -1 ,alwaysRestrict = true ,startMode = 2 ,UidRec:UidRecord{d1ba7c6 1001 PER  procs:4 seq(0,0,0)}
03-30 01:23:41.152  1520  1563 D _V_ActivityManager: StartMode packageName = com.android.stk ,pid = -1 ,alwaysRestrict = true ,startMode = 2 ,UidRec:UidRecord{d1ba7c6 1001 PER  procs:4 seq(0,0,0)}
03-30 01:24:07.758  1520  1563 D _V_ActivityManager: StartMode packageName = com.android.stk ,pid = -1 ,alwaysRestrict = true ,startMode = 2 ,UidRec:UidRecord{d1ba7c6 1001 PER  procs:4 seq(0,0,0)}
03-30 01:24:34.362  1520  1563 D _V_ActivityManager: StartMode packageName = com.android.stk ,pid = -1 ,alwaysRestrict = true ,startMode = 2 ,UidRec:UidRecord{d1ba7c6 1001 PER  procs:4 seq(0,0,0)}
03-30 01:24:46.497  1520  1563 W _V_VivoAmsImpl: mCallingPidFilter=-1,mCallingUidFilter=-1
03-30 01:24:48.696  1520  1563 D _V_ActivityManager: StartMode packageName = com.vivo.appfilter ,pid = -1 ,alwaysRestrict = true ,startMode = 2 ,UidRec:UidRecord{9908669 1000 PER  procs:22 seq(0,0,0)}
03-30 01:24:48.696  1520  1563 W BroadcastQueue: Background execution not allowed: receiving Intent { act=android.intent.action.PACKAGE_RESTARTED dat=package:com.android.bbklog flg=0x10 (has extras) } to com.vivo.appfilter/.receiver.VivoBringupPkgReceiver
03-30 01:25:00.960  1520  1563 D _V_ActivityManager: StartMode packageName = com.android.stk ,pid = -1 ,alwaysRestrict = true ,startMode = 2 ,UidRec:UidRecord{d1ba7c6 1001 PER  procs:4 seq(0,0,0)}
03-30 01:25:19.025  1520  1563 D _V_ActivityManager: StartMode packageName = com.vivo.pem ,pid = -1 ,alwaysRestrict = true ,startMode = 2 ,UidRec:UidRecord{9908669 1000 PER  procs:22 seq(0,0,0)}
03-30 01:25:19.666  1520  1563 D _V_ActivityManager: StartMode packageName = com.vivo.appfilter ,pid = -1 ,alwaysRestrict = true ,startMode = 2 ,UidRec:UidRecord{9908669 1000 PER  procs:22 seq(0,0,0)}
03-30 01:25:19.666  1520  1563 W BroadcastQueue: Background execution not allowed: receiving Intent { act=android.intent.action.PACKAGE_RESTARTED dat=package:com.facebook.mlite flg=0x10 (has extras) } to com.vivo.appfilter/.receiver.VivoBringupPkgReceiver
03-30 01:25:27.574  1520  1563 D _V_ActivityManager: StartMode packageName = com.android.stk ,pid = -1 ,alwaysRestrict = true ,startMode = 2 ,UidRec:UidRecord{d1ba7c6 1001 PER  procs:4 seq(0,0,0)}
03-30 01:25:54.171  1520  1563 D _V_ActivityManager: StartMode packageName = com.android.stk ,pid = -1 ,alwaysRestrict = true ,startMode = 2 ,UidRec:UidRecord{d1ba7c6 1001 PER  procs:4 seq(0,0,0)}
03-30 01:26:20.772  1520  1563 D _V_ActivityManager: StartMode packageName = com.android.stk ,pid = -1 ,alwaysRestrict = true ,startMode = 2 ,UidRec:UidRecord{d1ba7c6 1001 PER  procs:4 seq(0,0,0)}
03-30 01:26:47.377  1520  1563 D _V_ActivityManager: StartMode packageName = com.android.stk ,pid = -1 ,alwaysRestrict = true ,startMode = 2 ,UidRec:UidRecord{d1ba7c6 1001 PER  procs:4 seq(0,0,0)}
03-30 01:27:13.980  1520  1563 D _V_ActivityManager: StartMode packageName = com.android.stk ,pid = -1 ,alwaysRestrict = true ,startMode = 2 ,UidRec:UidRecord{d1ba7c6 1001 PER  procs:4 seq(0,0,0)}
03-30 01:27:40.571  1520  1563 D _V_ActivityManager: StartMode packageName = com.android.stk ,pid = -1 ,alwaysRestrict = true ,startMode = 2 ,UidRec:UidRecord{d1ba7c6 1001 PER  procs:4 seq(0,0,0)}
03-30 01:28:07.179  1520  1563 D _V_ActivityManager: StartMode packageName = com.android.stk ,pid = -1 ,alwaysRestrict = true ,startMode = 2 ,UidRec:UidRecord{d1ba7c6 1001 PER  procs:4 seq(0,0,0)}
03-30 01:28:33.891  1520  1563 D _V_ActivityManager: StartMode packageName = com.android.stk ,pid = -1 ,alwaysRestrict = true ,startMode = 2 ,UidRec:UidRecord{d1ba7c6 1001 PER  procs:4 seq(0,0,0)}
03-30 01:28:48.392  1520  1563 D _V_ActivityManager: StartMode packageName = com.vivo.appfilter ,pid = -1 ,alwaysRestrict = true ,startMode = 2 ,UidRec:UidRecord{9908669 1000 PER  procs:23 seq(0,0,0)}
03-30 01:28:48.392  1520  1563 W BroadcastQueue: Background execution not allowed: receiving Intent { act=android.intent.action.PACKAGE_RESTARTED dat=package:com.android.bbklog flg=0x10 (has extras) } to com.vivo.appfilter/.receiver.VivoBringupPkgReceiver
03-30 01:29:00.398  1520  1563 D _V_ActivityManager: StartMode packageName = com.android.stk ,pid = -1 ,alwaysRestrict = true ,startMode = 2 ,UidRec:UidRecord{d1ba7c6 1001 PER  procs:4 seq(0,0,0)}
03-30 01:29:26.990  1520  1563 D _V_ActivityManager: StartMode packageName = com.android.stk ,pid = -1 ,alwaysRestrict = true ,startMode = 2 ,UidRec:UidRecord{d1ba7c6 1001 PER  procs:4 seq(0,0,0)}
03-30 01:29:53.593  1520  1563 D _V_ActivityManager: StartMode packageName = com.android.stk ,pid = -1 ,alwaysRestrict = true ,startMode = 2 ,UidRec:UidRecord{d1ba7c6 1001 PER  procs:4 seq(0,0,0)}
03-30 01:30:19.744  1520  1563 D _V_ActivityManager: StartMode packageName = com.vivo.appfilter ,pid = -1 ,alwaysRestrict = true ,startMode = 2 ,UidRec:UidRecord{9908669 1000 PER  procs:23 seq(0,0,0)}
03-30 01:30:19.744  1520  1563 W BroadcastQueue: Background execution not allowed: receiving Intent { act=android.intent.action.PACKAGE_RESTARTED dat=package:com.uc.browser.en flg=0x10 (has extras) } to com.vivo.appfilter/.receiver.VivoBringupPkgReceiver
03-30 01:30:20.191  1520  1563 D _V_ActivityManager: StartMode packageName = com.android.stk ,pid = -1 ,alwaysRestrict = true ,startMode = 2 ,UidRec:UidRecord{d1ba7c6 1001 PER  procs:4 seq(0,0,0)}
03-30 01:30:30.232  1520  1563 D _V_ActivityManager: StartMode packageName = com.uc.browser.en ,pid = -1 ,alwaysRestrict = true ,startMode = 2 ,UidRec:UidRecord{a751105 u0a202 BFGS change:active|uncached procs:2 seq(0,0,0)}
03-30 01:30:30.712  1520  1563 D _V_ActivityManager: StartMode packageName = com.uc.browser.en ,pid = -1 ,alwaysRestrict = true ,startMode = 2 ,UidRec:UidRecord{a751105 u0a202 BFGS change:active|uncached procs:2 seq(0,0,0)}
03-30 01:30:46.798  1520  1563 D _V_ActivityManager: StartMode packageName = com.android.stk ,pid = -1 ,alwaysRestrict = true ,startMode = 2 ,UidRec:UidRecord{d1ba7c6 1001 PER  procs:4 seq(0,0,0)}
03-30 01:31:13.407  1520  1563 D _V_ActivityManager: StartMode packageName = com.android.stk ,pid = -1 ,alwaysRestrict = true ,startMode = 2 ,UidRec:UidRecord{d1ba7c6 1001 PER  procs:4 seq(0,0,0)}
03-30 01:31:40.005  1520  1563 D _V_ActivityManager: StartMode packageName = com.android.stk ,pid = -1 ,alwaysRestrict = true ,startMode = 2 ,UidRec:UidRecord{d1ba7c6 1001 PER  procs:4 seq(0,0,0)}
03-30 01:32:06.614  1520  1563 D _V_ActivityManager: StartMode packageName = com.android.stk ,pid = -1 ,alwaysRestrict = true ,startMode = 2 ,UidRec:UidRecord{d1ba7c6 1001 PER  procs:4 seq(0,0,0)}
03-30 01:32:33.219  1520  1563 D _V_ActivityManager: StartMode packageName = com.android.stk ,pid = -1 ,alwaysRestrict = true ,startMode = 2 ,UidRec:UidRecord{d1ba7c6 1001 PER  procs:4 seq(0,0,0)}
03-30 01:32:48.354  1520  1563 D _V_ActivityManager: StartMode packageName = com.vivo.appfilter ,pid = -1 ,alwaysRestrict = true ,startMode = 2 ,UidRec:UidRecord{9908669 1000 PER  procs:23 seq(0,0,0)}
03-30 01:32:48.354  1520  1563 W BroadcastQueue: Background execution not allowed: receiving Intent { act=android.intent.action.PACKAGE_RESTARTED dat=package:com.android.bbklog flg=0x10 (has extras) } to com.vivo.appfilter/.receiver.VivoBringupPkgReceiver
03-30 01:32:59.807  1520  1563 D _V_ActivityManager: StartMode packageName = com.android.stk ,pid = -1 ,alwaysRestrict = true ,startMode = 2 ,UidRec:UidRecord{d1ba7c6 1001 PER  procs:4 seq(0,0,0)}
03-30 01:33:26.416  1520  1563 D _V_ActivityManager: StartMode packageName = com.android.stk ,pid = -1 ,alwaysRestrict = true ,startMode = 2 ,UidRec:UidRecord{d1ba7c6 1001 PER  procs:4 seq(0,0,0)}
03-30 01:33:53.023  1520  1563 D _V_ActivityManager: StartMode packageName = com.android.stk ,pid = -1 ,alwaysRestrict = true ,startMode = 2 ,UidRec:UidRecord{d1ba7c6 1001 PER  procs:4 seq(0,0,0)}
03-30 01:34:19.625  1520  1563 D _V_ActivityManager: StartMode packageName = com.android.stk ,pid = -1 ,alwaysRestrict = true ,startMode = 2 ,UidRec:UidRecord{d1ba7c6 1001 PER  procs:4 seq(0,0,0)}
03-30 01:34:46.233  1520  1563 D _V_ActivityManager: StartMode packageName = com.android.stk ,pid = -1 ,alwaysRestrict = true ,startMode = 2 ,UidRec:UidRecord{d1ba7c6 1001 PER  procs:4 seq(0,0,0)}
03-30 01:35:12.835  1520  1563 D _V_ActivityManager: StartMode packageName = com.android.stk ,pid = -1 ,alwaysRestrict = true ,startMode = 2 ,UidRec:UidRecord{d1ba7c6 1001 PER  procs:4 seq(0,0,0)}
03-30 01:35:19.380  1520  1563 D _V_ActivityManager: StartMode packageName = com.vivo.doubletimezoneclock ,pid = -1 ,alwaysRestrict = true ,startMode = 2 ,UidRec:UidRecord{9f93938 u0a117 BFGS procs:1 seq(0,0,0)}
03-30 01:35:20.057  1520  1563 D _V_ActivityManager: StartMode packageName = com.google.android.gms ,pid = -1 ,alwaysRestrict = true ,startMode = 2 ,UidRec:UidRecord{23b56b4 u999a172 BFGS procs:5 seq(0,0,0)}
03-30 01:35:20.470  1520  1563 D _V_ActivityManager: StartMode packageName = com.google.android.gms ,pid = -1 ,alwaysRestrict = true ,startMode = 2 ,UidRec:UidRecord{23b56b4 u999a172 BFGS procs:5 seq(0,0,0)}
03-30 01:35:21.036  1520  1563 D _V_ActivityManager: StartMode packageName = com.google.android.gms ,pid = -1 ,alwaysRestrict = true ,startMode = 2 ,UidRec:UidRecord{23b56b4 u999a172 BFGS procs:5 seq(0,0,0)}
03-30 01:35:21.150  1520  1563 D _V_ActivityManager: StartMode packageName = com.google.android.gms ,pid = -1 ,alwaysRestrict = true ,startMode = 2 ,UidRec:UidRecord{fba3bda u0a172 BFGS procs:6 seq(0,0,0)}
03-30 01:35:21.241  1520  1563 D _V_ActivityManager: StartMode packageName = com.google.android.gms ,pid = -1 ,alwaysRestrict = true ,startMode = 2 ,UidRec:UidRecord{fba3bda u0a172 BFGS procs:6 seq(0,0,0)}
03-30 01:35:21.241  1520  1563 W BroadcastQueue: Background execution not allowed: receiving Intent { act=android.intent.action.DROPBOX_ENTRY_ADDED flg=0x10 (has extras) } to com.google.android.gms/.stats.service.DropBoxEntryAddedReceiver
03-30 01:35:21.243  1520  1563 D _V_ActivityManager: StartMode packageName = com.google.android.gms ,pid = -1 ,alwaysRestrict = true ,startMode = 2 ,UidRec:UidRecord{fba3bda u0a172 BFGS procs:6 seq(0,0,0)}
03-30 01:35:21.243  1520  1563 W BroadcastQueue: Background execution not allowed: receiving Intent { act=android.intent.action.DROPBOX_ENTRY_ADDED flg=0x10 (has extras) } to com.google.android.gms/.chimera.GmsIntentOperationService$PersistentTrustedReceiver
03-30 01:35:21.522  1520  1563 D _V_ActivityManager: StartMode packageName = com.google.android.gms ,pid = -1 ,alwaysRestrict = true ,startMode = 2 ,UidRec:UidRecord{23b56b4 u999a172 BFGS procs:6 seq(0,0,0)}
03-30 01:35:21.599  1520  1563 D _V_ActivityManager: StartMode packageName = com.google.android.gms ,pid = -1 ,alwaysRestrict = true ,startMode = 2 ,UidRec:UidRecord{fba3bda u0a172 BFGS procs:6 seq(0,0,0)}
03-30 01:35:21.599  1520  1563 W BroadcastQueue: Background execution not allowed: receiving Intent { act=android.intent.action.DROPBOX_ENTRY_ADDED flg=0x10 (has extras) } to com.google.android.gms/.stats.service.DropBoxEntryAddedReceiver
03-30 01:35:21.600  1520  1563 D _V_ActivityManager: StartMode packageName = com.google.android.gms ,pid = -1 ,alwaysRestrict = true ,startMode = 2 ,UidRec:UidRecord{fba3bda u0a172 BFGS procs:6 seq(0,0,0)}
03-30 01:35:21.600  1520  1563 W BroadcastQueue: Background execution not allowed: receiving Intent { act=android.intent.action.DROPBOX_ENTRY_ADDED flg=0x10 (has extras) } to com.google.android.gms/.chimera.GmsIntentOperationService$PersistentTrustedReceiver
03-30 01:35:22.241  1520  1563 D _V_ActivityManager: StartMode packageName = com.google.android.gms ,pid = -1 ,alwaysRestrict = true ,startMode = 2 ,UidRec:UidRecord{fba3bda u0a172 BFGS procs:6 seq(0,0,0)}
03-30 01:35:23.338  1520  1563 D _V_ActivityManager: StartMode packageName = com.vivo.appfilter ,pid = -1 ,alwaysRestrict = true ,startMode = 2 ,UidRec:UidRecord{9908669 1000 PER  procs:23 seq(0,0,0)}
03-30 01:35:23.338  1520  1563 W BroadcastQueue: Background execution not allowed: receiving Intent { act=android.intent.action.PACKAGE_RESTARTED dat=package:com.android.bbklog flg=0x10 (has extras) } to com.vivo.appfilter/.receiver.VivoBringupPkgReceiver
03-30 01:35:39.428  1520  1563 D _V_ActivityManager: StartMode packageName = com.android.stk ,pid = -1 ,alwaysRestrict = true ,startMode = 2 ,UidRec:UidRecord{d1ba7c6 1001 PER  procs:4 seq(0,0,0)}
03-30 01:36:06.035  1520  1563 D _V_ActivityManager: StartMode packageName = com.android.stk ,pid = -1 ,alwaysRestrict = true ,startMode = 2 ,UidRec:UidRecord{d1ba7c6 1001 PER  procs:4 seq(0,0,0)}
03-30 01:36:32.674  1520  1563 D _V_ActivityManager: StartMode packageName = com.android.stk ,pid = -1 ,alwaysRestrict = true ,startMode = 2 ,UidRec:UidRecord{d1ba7c6 1001 PER  procs:4 seq(0,0,0)}
03-30 01:36:59.245  1520  1563 D _V_ActivityManager: StartMode packageName = com.android.stk ,pid = -1 ,alwaysRestrict = true ,startMode = 2 ,UidRec:UidRecord{d1ba7c6 1001 PER  procs:4 seq(0,0,0)}
03-30 01:37:18.141  1520  1563 W _V_VivoAmsImpl: mCallingPidFilter=-1,mCallingUidFilter=-1
03-30 01:37:21.899  1520  1563 D _V_ActivityManager: StartMode packageName = com.google.android.apps.youtube.music ,pid = -1 ,alwaysRestrict = true ,startMode = 2 ,UidRec:UidRecord{380cdaf u0a90 CEM  idle change:cached procs:1 seq(0,0,0)}
03-30 01:37:25.917  1520  1563 D _V_ActivityManager: StartMode packageName = com.android.stk ,pid = -1 ,alwaysRestrict = true ,startMode = 2 ,UidRec:UidRecord{d1ba7c6 1001 PER  procs:4 seq(0,0,0)}
03-30 01:37:45.244  1520  1563 D _V_ActivityManager: StartMode packageName = com.vivo.networkimprove ,pid = -1 ,alwaysRestrict = true ,startMode = 2 ,UidRec:null
03-30 01:37:45.846  1520  1563 D _V_ActivityManager: StartMode packageName = com.bbk.iqoo.logsystem ,pid = -1 ,alwaysRestrict = true ,startMode = 2 ,UidRec:UidRecord{a4463c9 u0a143 PER  change:active|uncached procs:1 seq(0,0,0)}
03-30 01:37:52.450  1520  1563 D _V_ActivityManager: StartMode packageName = com.android.stk ,pid = -1 ,alwaysRestrict = true ,startMode = 2 ,UidRec:UidRecord{d1ba7c6 1001 PER  procs:4 seq(0,0,0)}
03-30 01:38:03.033   762 13859 V MediaCodec: -- Looking at startdata. presentation 1815639551, start 81516730923165, so  match entry
03-30 01:38:08.973   762 13859 V MediaCodec: -- Looking at startdata. presentation 1821569346, start 81522670956396, so  match entry
03-30 01:38:10.060   762 13859 V MediaCodec: -- Looking at startdata. presentation 1822666489, start 81523756361242, so  match entry
03-30 01:38:13.563   762 13859 V MediaCodec: -- Looking at startdata. presentation 1826088530, start 81527005860858, so  match entry
03-30 01:38:19.046  1520  1563 D _V_ActivityManager: StartMode packageName = com.android.stk ,pid = -1 ,alwaysRestrict = true ,startMode = 2 ,UidRec:UidRecord{d1ba7c6 1001 PER  procs:4 seq(0,0,0)}
03-30 01:38:21.261   762 13859 V MediaCodec: -- Looking at startdata. presentation 1833951387, start 81534956380397, so  match entry
03-30 01:38:24.078   762 13859 V MediaCodec: -- Looking at startdata. presentation 1836563632, start 81537501177012, so  match entry
03-30 01:38:26.361   762 13859 V MediaCodec: -- Looking at startdata. presentation 1839019142, start 81540056362474, so  match entry
03-30 01:38:29.173   762 13859 V MediaCodec: -- Looking at startdata. presentation 1841814244, start 81542870256320, so  match entry
03-30 01:38:31.165   762 13859 V MediaCodec: -- Looking at startdata. presentation 1843851795, start 81544856346859, so  match entry
03-30 01:38:31.974   762 13857 V AudioSink: getPlayedOutDurationUs(1122219841) nowUs(81545675630) frames(49488016) framesAt(81545633022)
03-30 01:38:35.911   762 13857 V AudioSink: getPlayedOutDurationUs(1126156391) nowUs(81549612185) frames(49663205) framesAt(81549605567)
03-30 01:38:36.200   762 13859 V MediaCodec: -- Looking at startdata. presentation 1848788938, start 81549895632705, so  match entry
03-30 01:38:36.765   762 13859 V MediaCodec: -- Looking at startdata. presentation 1849363632, start 81550456355090, so  match entry
