03-30 01:38:37.055   762 13857 V AudioSink: getPlayedOutDurationUs(1127300564) nowUs(81550756361) frames(49713815) framesAt(81550753189)
03-30 01:38:41.867   762 13859 V MediaCodec: -- Looking at startdata. presentation 1854588122, start 81555563763783, so  match entry
03-30 01:38:42.692   762 13857 V AudioSink: getPlayedOutDurationUs(1132937294) nowUs(81556393117) frames(49962289) framesAt(81556387546)
03-30 01:38:42.712   762 13859 V MediaCodec: -- Looking at startdata. presentation 1855319551, start 81556399832090, so  match entry
03-30 01:38:42.712   762 13859 V MediaCodec: -- Looking at startdata. presentation 1855345673, start 81556405639244, so  match entry
03-30 01:38:42.712   762 13857 V AudioSink: getPlayedOutDurationUs(1132958040) nowUs(81556413863) frames(49962289) framesAt(81556387546)
03-30 01:38:42.987   762 13859 V MediaCodec: -- Looking at startdata. presentation 1855633020, start 81556684624783, so  match entry
03-30 01:38:43.821   762 13859 V MediaCodec: -- Looking at startdata. presentation 1856312204, start 81557255969629, so  match entry
03-30 01:38:43.822   762 13859 V MediaCodec: -- Looking at startdata. presentation 1856338326, start 81557260166321, so  match entry
03-30 01:38:43.828   762 13859 V MediaCodec: -- Looking at startdata. presentation 1856364448, start 81557262140706, so  match entry
03-30 01:38:43.832   762 13859 V MediaCodec: -- Looking at startdata. presentation 1856390571, start 81557518758167, so  match entry
03-30 01:38:45.652  1520  1563 D _V_ActivityManager: StartMode packageName = com.android.stk ,pid = -1 ,alwaysRestrict = true ,startMode = 2 ,UidRec:UidRecord{d1ba7c6 1001 PER  procs:4 seq(0,0,0)}
03-30 01:38:47.799   762 13859 V MediaCodec: -- Looking at startdata. presentation 1860335061, start 81561238563937, so  match entry
03-30 01:38:49.493   762 13857 V AudioSink: getPlayedOutDurationUs(1139738674) nowUs(81563194467) frames(50261396) framesAt(81563169988)
03-30 01:38:49.503   762 13859 V MediaCodec: -- Looking at startdata. presentation 1862111387, start 81563199831783, so  match entry
03-30 01:38:49.507   762 13859 V MediaCodec: -- Looking at startdata. presentation 1862137510, start 81563202439399, so  match entry
03-30 01:38:49.508   762 13859 V MediaCodec: -- Looking at startdata. presentation 1862163632, start 81563203439475, so  match entry
03-30 01:38:49.509   762 13859 V MediaCodec: -- Looking at startdata. presentation 1862189755, start 81563205649552, so  match entry
03-30 01:38:49.510   762 13859 V MediaCodec: -- Looking at startdata. presentation 1862215877, start 81563207144399, so  match entry
03-30 01:38:49.512   762 13859 V MediaCodec: -- Looking at startdata. presentation 1862242000, start 81563209133168, so  match entry
03-30 01:38:49.765   762 13857 V AudioSink: getPlayedOutDurationUs(1140010495) nowUs(81563466300) frames(50272900) framesAt(81563430861)
03-30 01:38:49.769   762 13859 V MediaCodec: -- Looking at startdata. presentation 1862268122, start 81563210626552, so  match entry
03-30 01:38:49.772   762 13859 V MediaCodec: -- Looking at startdata. presentation 1862294244, start 81563211941552, so  match entry
03-30 01:38:49.772   762 13859 V MediaCodec: -- Looking at startdata. presentation 1862320367, start 81563212979552, so  match entry
03-30 01:38:49.774   762 13859 V MediaCodec: -- Looking at startdata. presentation 1862346489, start 81563215005322, so  match entry
03-30 01:38:49.776   762 13859 V MediaCodec: -- Looking at startdata. presentation 1862372612, start 81563471664629, so  match entry
03-30 01:38:49.780   762 13859 V MediaCodec: -- Looking at startdata. presentation 1862398734, start 81563474133552, so  match entry
03-30 01:38:49.780   762 13859 V MediaCodec: -- Looking at startdata. presentation 1862424857, start 81563475229629, so  match entry
03-30 01:38:49.784   762 13859 V MediaCodec: -- Looking at startdata. presentation 1862450979, start 81563478476399, so  match entry
03-30 01:38:49.784   762 13859 V MediaCodec: -- Looking at startdata. presentation 1862477102, start 81563479179937, so  match entry
03-30 01:38:49.786   762 13859 V MediaCodec: -- Looking at startdata. presentation 1862503224, start 81563482460629, so  match entry
03-30 01:38:50.038   762 13857 V AudioSink: getPlayedOutDurationUs(1140283695) nowUs(81563739498) frames(50284091) framesAt(81563684623)
03-30 01:38:50.047   762 13859 V MediaCodec: -- Looking at startdata. presentation 1862529346, start 81563483296937, so  match entry
03-30 01:38:50.048   762 13859 V MediaCodec: -- Looking at startdata. presentation 1862555469, start 81563485827937, so  match entry
03-30 01:38:50.050   762 13859 V MediaCodec: -- Looking at startdata. presentation 1862581591, start 81563486624706, so  match entry
03-30 01:38:50.062   762 13859 V MediaCodec: -- Looking at startdata. presentation 1862607714, start 81563488270629, so  match entry
03-30 01:38:50.063   762 13857 V AudioSink: getPlayedOutDurationUs(1140308755) nowUs(81563764556) frames(50286767) framesAt(81563745302)
03-30 01:38:50.063   762 13859 V MediaCodec: -- Looking at startdata. presentation 1862633836, start 81563750173552, so  match entry
03-30 01:38:50.080   762 13859 V MediaCodec: -- Looking at startdata. presentation 1862659959, start 81563752896629, so  match entry
03-30 01:38:50.081   762 13859 V MediaCodec: -- Looking at startdata. presentation 1862686081, start 81563753698014, so  match entry
03-30 01:38:50.081   762 13859 V MediaCodec: -- Looking at startdata. presentation 1862712204, start 81563767565245, so  match entry
03-30 01:38:50.081   762 13859 V MediaCodec: -- Looking at startdata. presentation 1862738326, start 81563769301629, so  match entry
03-30 01:38:50.084   762 13857 V AudioSink: getPlayedOutDurationUs(1140329464) nowUs(81563785264) frames(50288376) framesAt(81563781786)
03-30 01:38:50.088   762 13859 V MediaCodec: -- Looking at startdata. presentation 1862764448, start 81563782950168, so  match entry
03-30 01:38:50.089   762 13859 V MediaCodec: -- Looking at startdata. presentation 1862790571, start 81563784233091, so  match entry
03-30 01:38:50.089   762 13859 V MediaCodec: -- Looking at startdata. presentation 1862816693, start 81563785916399, so  match entry
03-30 01:38:50.093   762 13859 V MediaCodec: -- Looking at startdata. presentation 1862842816, start 81563786964322, so  match entry
03-30 01:38:50.349   762 13859 V MediaCodec: -- Looking at startdata. presentation 1862868938, start 81563790435552, so  match entry
03-30 01:38:50.352   762 13859 V MediaCodec: -- Looking at startdata. presentation 1862895061, start 81563791357168, so  match entry
03-30 01:38:50.352   762 13859 V MediaCodec: -- Looking at startdata. presentation 1862921183, start 81563791751629, so  match entry
03-30 01:38:50.353   762 13859 V MediaCodec: -- Looking at startdata. presentation 1862947306, start 81563794839552, so  match entry
03-30 01:38:51.747   762 13859 V MediaCodec: -- Looking at startdata. presentation 1864357918, start 81565438756399, so  match entry
03-30 01:38:53.136   762 13859 V MediaCodec: -- Looking at startdata. presentation 1865637918, start 81566576589091, so  match entry
03-30 01:38:53.449   762 13859 V MediaCodec: -- Looking at startdata. presentation 1866212612, start 81567144755630, so  match entry
03-30 01:38:55.123   762 13859 V MediaCodec: -- Looking at startdata. presentation 1867727714, start 81568813935630, so  match entry
03-30 01:38:55.388   762 13857 V AudioSink: getPlayedOutDurationUs(1145633579) nowUs(81569089356) frames(50521225) framesAt(81569061786)
03-30 01:38:55.967   762 13859 V MediaCodec: -- Looking at startdata. presentation 1868563632, start 81569657939784, so  match entry
03-30 01:38:56.784   762 13857 V AudioSink: getPlayedOutDurationUs(1147029823) nowUs(81570485634) frames(50583407) framesAt(81570471842)
03-30 01:39:01.868   762 13859 V MediaCodec: -- Looking at startdata. presentation 1874441183, start 81575563329245, so  match entry
03-30 01:39:03.886   762 13859 V MediaCodec: -- Looking at startdata. presentation 1876504857, start 81577563748630, so  match entry
03-30 01:39:04.455   762 13859 V MediaCodec: -- Looking at startdata. presentation 1877157918, start 81578149025630, so  match entry
03-30 01:39:04.456   762 13859 V MediaCodec: -- Looking at startdata. presentation 1877184040, start 81578150355630, so  match entry
03-30 01:39:05.563   762 13859 V MediaCodec: -- Looking at startdata. presentation 1878046081, start 81579003697015, so  match entry
03-30 01:39:06.132   762 13857 V AudioSink: getPlayedOutDurationUs(1156377528) nowUs(81579833328) frames(50995378) framesAt(81579813577)
03-30 01:39:07.554   762 13859 V MediaCodec: -- Looking at startdata. presentation 1880240367, start 81581247705630, so  match entry
03-30 01:39:07.830   762 13859 V MediaCodec: -- Looking at startdata. presentation 1880527714, start 81581526563861, so  match entry
03-30 01:39:10.374   762 13859 V MediaCodec: -- Looking at startdata. presentation 1882878734, start 81583814895631, so  match entry
03-30 01:39:12.261  1520  1563 D _V_ActivityManager: StartMode packageName = com.android.stk ,pid = -1 ,alwaysRestrict = true ,startMode = 2 ,UidRec:UidRecord{d1ba7c6 1001 PER  procs:4 seq(0,0,0)}
03-30 01:39:21.114   762 13859 V MediaCodec: -- Looking at startdata. presentation 1893824040, start 81594803356323, so  match entry
03-30 01:39:21.932   762 13857 V AudioSink: getPlayedOutDurationUs(1172177528) nowUs(81595633354) frames(51692325) framesAt(81595617390)
03-30 01:39:21.941   762 13859 V MediaCodec: -- Looking at startdata. presentation 1894659959, start 81595633773016, so  match entry
03-30 01:39:22.201   762 13859 V MediaCodec: -- Looking at startdata. presentation 1894686081, start 81595638004785, so  match entry
03-30 01:39:22.201   762 13859 V MediaCodec: -- Looking at startdata. presentation 1894712204, start 81595639122016, so  match entry
03-30 01:39:24.769   762 13859 V MediaCodec: -- Looking at startdata. presentation 1897350571, start 81598456308785, so  match entry
03-30 01:39:27.861   762 13859 V MediaCodec: -- Looking at startdata. presentation 1900563632, start 81601557118555, so  match entry
03-30 01:39:28.131   762 13859 V MediaCodec: -- Looking at startdata. presentation 1900642000, start 81601563279862, so  match entry
03-30 01:39:29.869   762 13859 V MediaCodec: -- Looking at startdata. presentation 1902575061, start 81603563307939, so  match entry
03-30 01:39:31.284   762 13859 V MediaCodec: -- Looking at startdata. presentation 1903828938, start 81604726325632, so  match entry
03-30 01:39:31.563   762 13859 V MediaCodec: -- Looking at startdata. presentation 1904090163, start 81605002278555, so  match entry
03-30 01:39:32.678   762 13857 V AudioSink: getPlayedOutDurationUs(1182923520) nowUs(81606379347) frames(52166584) framesAt(81606371563)
03-30 01:39:32.702   762 13857 V AudioSink: getPlayedOutDurationUs(1182948086) nowUs(81606403913) frames(52166584) framesAt(81606371563)
03-30 01:39:32.983   762 13859 V MediaCodec: -- Looking at startdata. presentation 1905631387, start 81606677813093, so  match entry
03-30 01:39:35.231   762 13859 V MediaCodec: -- Looking at startdata. presentation 1907877918, start 81608924715632, so  match entry
03-30 01:39:37.761   762 13859 V MediaCodec: -- Looking at startdata. presentation 1910333428, start 81611203165632, so  match entry
03-30 01:39:38.861  1520  1563 D _V_ActivityManager: StartMode packageName = com.android.stk ,pid = -1 ,alwaysRestrict = true ,startMode = 2 ,UidRec:UidRecord{d1ba7c6 1001 PER  procs:4 seq(0,0,0)}
03-30 01:39:38.883   762 13859 V MediaCodec: -- Looking at startdata. presentation 1911404448, start 81612324805632, so  match entry
03-30 01:39:42.873   762 13859 V MediaCodec: -- Looking at startdata. presentation 1915557918, start 81616563678632, so  match entry
03-30 01:39:43.129   762 13859 V MediaCodec: -- Looking at startdata. presentation 1915636285, start 81616571189017, so  match entry
03-30 01:39:45.079   762 13859 V MediaCodec: -- Looking at startdata. presentation 1917752204, start 81618776905633, so  match entry
03-30 01:39:49.563   762 13859 V MediaCodec: -- Looking at startdata. presentation 1922140775, start 81623261009248, so  match entry
03-30 01:39:49.872   762 13859 V MediaCodec: -- Looking at startdata. presentation 1922610979, start 81623563103248, so  match entry
03-30 01:39:51.515   762 13859 V MediaCodec: -- Looking at startdata. presentation 1924073836, start 81624958825633, so  match entry
03-30 01:39:52.914   762 13857 V AudioSink: getPlayedOutDurationUs(1203159816) nowUs(81626615639) frames(53058411) framesAt(81626594394)
03-30 01:39:54.046   762 13859 V MediaCodec: -- Looking at startdata. presentation 1926529346, start 81627484915633, so  match entry
03-30 01:39:56.011   762 13857 V AudioSink: getPlayedOutDurationUs(1206256309) nowUs(81629712125) frames(53195444) framesAt(81629701711)
03-30 01:39:56.874   762 13859 V MediaCodec: -- Looking at startdata. presentation 1929428938, start 81630560775633, so  match entry
03-30 01:39:57.158   762 13859 V MediaCodec: -- Looking at startdata. presentation 1929768530, start 81630853815633, so  match entry
03-30 01:39:57.716   762 13859 V MediaCodec: -- Looking at startdata. presentation 1930264857, start 81631156362941, so  match entry
03-30 01:39:58.863   762 13859 V MediaCodec: -- Looking at startdata. presentation 1931544857, start 81632557165633, so  match entry
03-30 01:39:59.138   805   871 E         : akm_log pg_gyr(d/s*1000): 563, 240, 13892, dt: 160
03-30 01:39:59.701   762 13857 V AudioSink: getPlayedOutDurationUs(1209947046) nowUs(81633402880) frames(53357563) framesAt(81633377897)
03-30 01:39:59.976   762 13859 V MediaCodec: -- Looking at startdata. presentation 1932563632, start 81633671765941, so  match entry
03-30 01:40:01.936   762 13857 V AudioSink: getPlayedOutDurationUs(1212181486) nowUs(81635637279) frames(53456508) framesAt(81635621507)
03-30 01:40:01.955   762 13859 V MediaCodec: -- Looking at startdata. presentation 1934627306, start 81635651456326, so  match entry
03-30 01:40:04.180   762 13859 V MediaCodec: -- Looking at startdata. presentation 1936690979, start 81637621945634, so  match entry
03-30 01:40:05.465  1520  1563 D _V_ActivityManager: StartMode packageName = com.android.stk ,pid = -1 ,alwaysRestrict = true ,startMode = 2 ,UidRec:UidRecord{d1ba7c6 1001 PER  procs:4 seq(0,0,0)}
03-30 01:40:06.165   762 13859 V MediaCodec: -- Looking at startdata. presentation 1938833020, start 81639856309172, so  match entry
03-30 01:40:06.985   762 13859 V MediaCodec: -- Looking at startdata. presentation 1939486081, start 81640425245634, so  match entry
03-30 01:40:07.563   762 13859 V MediaCodec: -- Looking at startdata. presentation 1940139142, start 81641258730942, so  match entry
03-30 01:40:16.324   762 13859 V MediaCodec: -- Looking at startdata. presentation 1948864040, start 81649756563327, so  match entry
03-30 01:40:17.444   762 13859 V MediaCodec: -- Looking at startdata. presentation 1949961183, start 81650883915635, so  match entry
03-30 01:40:18.042   762 13859 V MediaCodec: -- Looking at startdata. presentation 1950744857, start 81651737563711, so  match entry
03-30 01:40:18.317   762 13857 V AudioSink: getPlayedOutDurationUs(1228563039) nowUs(81652018842) frames(54178841) framesAt(81652000950)
03-30 01:40:19.157   762 13857 V AudioSink: getPlayedOutDurationUs(1229402363) nowUs(81652858155) frames(54215630) framesAt(81652835157)
03-30 01:40:19.977  1520  4604 I ActivityManager:   Force stopping service ServiceRecord{6865563 u0 com.uc.browser.en/com.uc.browser.multiprocess.resident.ResidentIpcService}
03-30 01:40:20.057  1520  1563 D _V_ActivityManager: StartMode packageName = com.vivo.appfilter ,pid = -1 ,alwaysRestrict = true ,startMode = 2 ,UidRec:UidRecord{9908669 1000 PER  procs:22 seq(0,0,0)}
03-30 01:40:20.057  1520  1563 W BroadcastQueue: Background execution not allowed: receiving Intent { act=android.intent.action.PACKAGE_RESTARTED dat=package:com.uc.browser.en flg=0x10 (has extras) } to com.vivo.appfilter/.receiver.VivoBringupPkgReceiver
03-30 01:40:20.563   762 13859 V MediaCodec: -- Looking at startdata. presentation 1953174244, start 81654259413712, so  match entry
03-30 01:40:21.634   762 13857 V AudioSink: getPlayedOutDurationUs(1231879648) nowUs(81655335436) frames(54325630) framesAt(81655329484)
03-30 01:40:21.937   762 13859 V MediaCodec: -- Looking at startdata. presentation 1954663224, start 81655632605481, so  match entry
03-30 01:40:22.193   762 13859 V MediaCodec: -- Looking at startdata. presentation 1954689346, start 81655633585096, so  match entry
03-30 01:40:22.197   762 13859 V MediaCodec: -- Looking at startdata. presentation 1954715469, start 81655634371866, so  match entry
03-30 01:40:22.198   762 13859 V MediaCodec: -- Looking at startdata. presentation 1954741591, start 81655638564789, so  match entry
03-30 01:40:22.207   762 13859 V MediaCodec: -- Looking at startdata. presentation 1954767714, start 81655639647635, so  match entry
03-30 01:40:22.226   762 13859 V MediaCodec: -- Looking at startdata. presentation 1954924448, start 81655918356327, so  match entry
03-30 01:40:22.780   762 13859 V MediaCodec: -- Looking at startdata. presentation 1955473020, start 81656470945635, so  match entry
03-30 01:40:23.320   762 13859 V MediaCodec: -- Looking at startdata. presentation 1955864857, start 81656754055635, so  match entry
03-30 01:40:23.625   762 13859 V MediaCodec: -- Looking at startdata. presentation 1956308938, start 81657317077173, so  match entry
03-30 01:40:23.625   762 13859 V MediaCodec: -- Looking at startdata. presentation 1956335061, start 81657319272020, so  match entry
03-30 01:40:23.625   762 13859 V MediaCodec: -- Looking at startdata. presentation 1956361183, start 81657321364404, so  match entry
03-30 01:40:23.887   762 13859 V MediaCodec: -- Looking at startdata. presentation 1956387306, start 81657323536481, so  match entry
03-30 01:40:30.703  1520  1563 D _V_ActivityManager: StartMode packageName = com.uc.browser.en ,pid = -1 ,alwaysRestrict = true ,startMode = 2 ,UidRec:UidRecord{216537 u0a202 BFGS change:active|uncached procs:2 seq(0,0,0)}
03-30 01:40:31.199  1520  1563 D _V_ActivityManager: StartMode packageName = com.uc.browser.en ,pid = -1 ,alwaysRestrict = true ,startMode = 2 ,UidRec:UidRecord{216537 u0a202 BFGS change:active|uncached procs:2 seq(0,0,0)}
03-30 01:40:31.882   762 13859 V MediaCodec: -- Looking at startdata. presentation 1964563632, start 81665578175020, so  match entry
03-30 01:40:32.071  1520  1563 D _V_ActivityManager: StartMode packageName = com.android.stk ,pid = -1 ,alwaysRestrict = true ,startMode = 2 ,UidRec:UidRecord{d1ba7c6 1001 PER  procs:4 seq(0,0,0)}
03-30 01:40:33.005   762 13859 V MediaCodec: -- Looking at startdata. presentation 1965634653, start 81666700805097, so  match entry
03-30 01:40:33.883   762 13859 V MediaCodec: -- Looking at startdata. presentation 1966470571, start 81667550145636, so  match entry
03-30 01:40:35.256   762 13859 V MediaCodec: -- Looking at startdata. presentation 1967750571, start 81668696456328, so  match entry
03-30 01:40:35.553   762 13859 V MediaCodec: -- Looking at startdata. presentation 1968168530, start 81669247215636, so  match entry
03-30 01:40:36.392   762 13859 V MediaCodec: -- Looking at startdata. presentation 1969030571, start 81670087385636, so  match entry
03-30 01:40:39.471   762 13859 V MediaCodec: -- Looking at startdata. presentation 1972034653, start 81672909456328, so  match entry
03-30 01:40:40.888   762 13859 V MediaCodec: -- Looking at startdata. presentation 1973523632, start 81674582563251, so  match entry
03-30 01:40:42.016   762 13859 V MediaCodec: -- Looking at startdata. presentation 1974568530, start 81675463665636, so  match entry
03-30 01:40:43.141   762 13859 V MediaCodec: -- Looking at startdata. presentation 1975639551, start 81676578921867, so  match entry
03-30 01:40:43.150   762 13859 V MediaCodec: -- Looking at startdata. presentation 1975744040, start 81676844565636, so  match entry
03-30 01:40:44.305   762 13859 V MediaCodec: -- Looking at startdata. presentation 1976945673, start 81677989125636, so  match entry
03-30 01:40:46.228   762 13859 V MediaCodec: -- Looking at startdata. presentation 1978852612, start 81679922485636, so  match entry
03-30 01:40:47.904   762 13859 V MediaCodec: -- Looking at startdata. presentation 1980498326, start 81681598815636, so  match entry
03-30 01:40:48.563 16972 16972 D _V_BBK_LOG_LocalBroadcastHelper: Reset uploadProgress to 0 
03-30 01:40:48.671  1520  1563 D _V_ActivityManager: StartMode packageName = com.vivo.appfilter ,pid = -1 ,alwaysRestrict = true ,startMode = 2 ,UidRec:UidRecord{9908669 1000 PER  procs:22 seq(0,0,0)}
03-30 01:40:48.671  1520  1563 W BroadcastQueue: Background execution not allowed: receiving Intent { act=android.intent.action.PACKAGE_RESTARTED dat=package:com.android.bbklog flg=0x10 (has extras) } to com.vivo.appfilter/.receiver.VivoBringupPkgReceiver
03-30 01:40:49.310   762 13859 V MediaCodec: -- Looking at startdata. presentation 1982013428, start 81683005563790, so  match entry
03-30 01:40:49.563   762 13857 V AudioSink: getPlayedOutDurationUs(1259808712) nowUs(81683264534) frames(55556468) framesAt(81683239676)
03-30 01:40:50.725   762 13859 V MediaCodec: -- Looking at startdata. presentation 1983397918, start 81684418563637, so  match entry
03-30 01:40:51.279   762 13857 V AudioSink: getPlayedOutDurationUs(1261524735) nowUs(81684980519) frames(55632396) framesAt(81684961362)
03-30 01:40:51.563   762 13859 V MediaCodec: -- Looking at startdata. presentation 1984103224, start 81685006707790, so  match entry
03-30 01:40:51.563   762 13859 V MediaCodec: -- Looking at startdata. presentation 1984129346, start 81685255136944, so  match entry
03-30 01:40:54.386   762 13859 V MediaCodec: -- Looking at startdata. presentation 1987002816, start 81688081705637, so  match entry
03-30 01:40:55.252   762 13859 V MediaCodec: -- Looking at startdata. presentation 1987969346, start 81688949865637, so  match entry
03-30 01:40:55.523   762 13859 V MediaCodec: -- Looking at startdata. presentation 1988099959, start 81689214605637, so  match entry
03-30 01:40:56.380   762 13859 V MediaCodec: -- Looking at startdata. presentation 1989092612, start 81690075631637, so  match entry
03-30 01:40:58.668  1520  1563 D _V_ActivityManager: StartMode packageName = com.android.stk ,pid = -1 ,alwaysRestrict = true ,startMode = 2 ,UidRec:UidRecord{d1ba7c6 1001 PER  procs:4 seq(0,0,0)}
03-30 01:41:00.635 12519 12623 I nightwatch-target: monitor resources last 15000 iteration: 769563 msec
03-30 01:41:01.138   762 13857 V AudioSink: getPlayedOutDurationUs(1271383648) nowUs(81694839425) frames(56067143) framesAt(81694819563)
03-30 01:41:02.272   762 13859 V MediaCodec: -- Looking at startdata. presentation 1994761183, start 81695707675637, so  match entry
03-30 01:41:03.969   762 13859 V MediaCodec: -- Looking at startdata. presentation 1996485265, start 81697403156330, so  match entry
03-30 01:41:03.983   762 13859 V MediaCodec: -- Looking at startdata. presentation 1996563632, start 81697667841560, so  match entry
03-30 01:41:04.563   762 13859 V MediaCodec: -- Looking at startdata. presentation 1997086081, start 81697992337791, so  match entry
03-30 01:41:05.418   762 13857 V AudioSink: getPlayedOutDurationUs(1275663486) nowUs(81699119325) frames(56256309) framesAt(81699109104)
03-30 01:41:05.438   762 13857 V AudioSink: getPlayedOutDurationUs(1275684039) nowUs(81699139878) frames(56256309) framesAt(81699109104)
03-30 01:41:05.996   762 13857 V AudioSink: getPlayedOutDurationUs(1276241563) nowUs(81699697364) frames(56281548) framesAt(81699681379)
03-30 01:41:06.540   762 13857 V AudioSink: getPlayedOutDurationUs(1276785386) nowUs(81700241212) frames(56305742) framesAt(81700230021)
03-30 01:41:06.560   762 13857 V AudioSink: getPlayedOutDurationUs(1276805661) nowUs(81700261447) frames(56306950) framesAt(81700257373)
03-30 01:41:06.563   762 13859 V MediaCodec: -- Looking at startdata. presentation 1999123632, start 81699990262484, so  match entry
03-30 01:41:06.835   762 13857 V AudioSink: getPlayedOutDurationUs(1277080547) nowUs(81700536356) frames(56318239) framesAt(81700513382)
03-30 01:41:07.109   762 13857 V AudioSink: getPlayedOutDurationUs(1277354827) nowUs(81700810634) frames(56329736) framesAt(81700774083)
03-30 01:41:07.385   762 13857 V AudioSink: getPlayedOutDurationUs(1277630841) nowUs(81701086659) frames(56340847) framesAt(81701026044)
03-30 01:41:07.408   762 13857 V AudioSink: getPlayedOutDurationUs(1277653817) nowUs(81701109609) frames(56343641) framesAt(81701089374)
03-30 01:41:07.674   762 13857 V AudioSink: getPlayedOutDurationUs(1277919931) nowUs(81701375726) frames(56354978) framesAt(81701346452)
03-30 01:41:07.695   762 13857 V AudioSink: getPlayedOutDurationUs(1277941007) nowUs(81701396813) frames(56356582) framesAt(81701382835)
03-30 01:41:07.720   762 13857 V AudioSink: getPlayedOutDurationUs(1277965531) nowUs(81701421341) frames(56357914) framesAt(81701413043)
03-30 01:41:07.978   762 13857 V AudioSink: getPlayedOutDurationUs(1278223641) nowUs(81701679460) frames(56369301) framesAt(81701671261)
03-30 01:41:07.999   762 13857 V AudioSink: getPlayedOutDurationUs(1278245098) nowUs(81701700917) frames(56369301) framesAt(81701671261)
03-30 01:41:08.260   762 13857 V AudioSink: getPlayedOutDurationUs(1278505520) nowUs(81701961322) frames(56380324) framesAt(81701921198)
03-30 01:41:08.535   762 13857 V AudioSink: getPlayedOutDurationUs(1278780584) nowUs(81702236381) frames(56391613) framesAt(81702177180)
03-30 01:41:08.562   762 13857 V AudioSink: getPlayedOutDurationUs(1278807975) nowUs(81702263771) frames(56394433) framesAt(81702241124)
03-30 01:41:08.563   762 13859 V MediaCodec: -- Looking at startdata. presentation 2001161183, start 81702253264253, so  match entry
03-30 01:41:11.708   762 13859 V MediaCodec: -- Looking at startdata. presentation 2004348122, start 81705400955638, so  match entry
03-30 01:41:11.968   762 13857 V AudioSink: getPlayedOutDurationUs(1282213494) nowUs(81705669287) frames(56544272) framesAt(81705638831)
03-30 01:41:12.563  2697  6568 I _V_RMS-Reclaim: available=842680KB, current watermark=819200KB, last watermark=819200KB, current stopline=800, last stopline=1000 curlevel=4
03-30 01:41:12.563  2697  6568 I _V_RMS-Reclaim: Reclaiming took : 2ms
03-30 01:41:13.648   762 13859 V MediaCodec: -- Looking at startdata. presentation 2006281183, start 81707343445638, so  match entry
03-30 01:41:17.040   762 13857 V AudioSink: getPlayedOutDurationUs(1287285635) nowUs(81710741435) frames(56768598) framesAt(81710725595)
03-30 01:41:17.344   762 13859 V MediaCodec: -- Looking at startdata. presentation 2009938326, start 81711035625638, so  match entry
03-30 01:41:21.280   762 13859 V MediaCodec: -- Looking at startdata. presentation 2013778326, start 81714720563100, so  match entry
03-30 01:41:21.287   762 13859 V MediaCodec: -- Looking at startdata. presentation 2013882816, start 81714984405638, so  match entry
03-30 01:41:22.146   762 13859 V MediaCodec: -- Looking at startdata. presentation 2014666489, start 81715588825638, so  match entry
03-30 01:41:22.996   762 13859 V MediaCodec: -- Looking at startdata. presentation 2015633020, start 81716690971792, so  match entry
03-30 01:41:23.553   762 13857 V AudioSink: getPlayedOutDurationUs(1293799012) nowUs(81717254828) frames(57056386) framesAt(81717251416)
03-30 01:41:24.132   762 13859 V MediaCodec: -- Looking at startdata. presentation 2016677918, start 81717591695638, so  match entry
03-30 01:41:25.270   762 13859 V MediaCodec: -- Looking at startdata. presentation 2017801183, start 81718700385639, so  match entry
03-30 01:41:25.291  1520  1563 D _V_ActivityManager: StartMode packageName = com.android.stk ,pid = -1 ,alwaysRestrict = true ,startMode = 2 ,UidRec:UidRecord{d1ba7c6 1001 PER  procs:4 seq(0,0,0)}
03-30 01:41:26.410   762 13857 V AudioSink: getPlayedOutDurationUs(1296655631) nowUs(81720111415) frames(57181868) framesAt(81720096781)
03-30 01:41:28.637   762 13857 V AudioSink: getPlayedOutDurationUs(1298882758) nowUs(81722338572) frames(57277954) framesAt(81722275632)
03-30 01:41:29.486   762 13857 V AudioSink: getPlayedOutDurationUs(1299731768) nowUs(81723187563) frames(57317466) framesAt(81723171577)
03-30 01:41:32.320   762 13859 V MediaCodec: -- Looking at startdata. presentation 2024932612, start 81726015638177, so  match entry
03-30 01:41:32.584   762 13857 V AudioSink: getPlayedOutDurationUs(1302829854) nowUs(81726285630) frames(57452936) framesAt(81726243440)
03-30 01:41:32.909   762 13859 V MediaCodec: -- Looking at startdata. presentation 2025637918, start 81726606312408, so  match entry
03-30 01:41:34.596   762 13859 V MediaCodec: -- Looking at startdata. presentation 2027283632, start 81728289325639, so  match entry
03-30 01:41:35.984   762 13859 V MediaCodec: -- Looking at startdata. presentation 2028563632, start 81729675946716, so  match entry
03-30 01:41:37.114   762 13859 V MediaCodec: -- Looking at startdata. presentation 2029765265, start 81730805638409, so  match entry
03-30 01:41:39.628   762 13857 V AudioSink: getPlayedOutDurationUs(1309873330) nowUs(81733329134) frames(57763563) framesAt(81733287164)
03-30 01:41:39.642   762 13859 V MediaCodec: -- Looking at startdata. presentation 2032246897, start 81733338105639, so  match entry
03-30 01:41:39.655   762 13859 V MediaCodec: -- Looking at startdata. presentation 2032377510, start 81733349344563, so  match entry
03-30 01:41:40.232   762 13859 V MediaCodec: -- Looking at startdata. presentation 2032769346, start 81733668563409, so  match entry
03-30 01:41:40.525   762 13859 V MediaCodec: -- Looking at startdata. presentation 2033213428, start 81734222295563, so  match entry
03-30 01:41:40.827   762 13859 V MediaCodec: -- Looking at startdata. presentation 2033553020, start 81734520285639, so  match entry
03-30 01:41:41.093   762 13859 V MediaCodec: -- Looking at startdata. presentation 2033631387, start 81734530122563, so  match entry
03-30 01:41:41.100   762 13859 V MediaCodec: -- Looking at startdata. presentation 2033683632, start 81734792252563, so  match entry
03-30 01:41:41.383   762 13859 V MediaCodec: -- Looking at startdata. presentation 2033997102, start 81735078184563, so  match entry
03-30 01:41:41.938   762 13859 V MediaCodec: -- Looking at startdata. presentation 2034519551, start 81735634053486, so  match entry
03-30 01:41:41.941   762 13859 V MediaCodec: -- Looking at startdata. presentation 2034545673, start 81735637215409, so  match entry
03-30 01:41:41.944   762 13859 V MediaCodec: -- Looking at startdata. presentation 2034571795, start 81735639827947, so  match entry
03-30 01:41:42.215   762 13859 V MediaCodec: -- Looking at startdata. presentation 2034728530, start 81735652209563, so  match entry
03-30 01:41:42.501   762 13859 V MediaCodec: -- Looking at startdata. presentation 2035042000, start 81735941348563, so  match entry
03-30 01:41:42.509   762 13859 V MediaCodec: -- Looking at startdata. presentation 2035146489, start 81736204183563, so  match entry
03-30 01:41:43.077   762 13859 V MediaCodec: -- Looking at startdata. presentation 2035721183, start 81736773405563, so  match entry
03-30 01:41:43.359   762 13859 V MediaCodec: -- Looking at startdata. presentation 2036008530, start 81737050692563, so  match entry
03-30 01:41:43.912   762 13857 V AudioSink: getPlayedOutDurationUs(1314157750) nowUs(81737613563) frames(57952387) framesAt(81737568896)
03-30 01:41:44.478   762 13859 V MediaCodec: -- Looking at startdata. presentation 2037157918, start 81738174378563, so  match entry
03-30 01:41:44.746   762 13859 V MediaCodec: -- Looking at startdata. presentation 2037366897, start 81738441539563, so  match entry
03-30 01:41:44.753   762 13859 V MediaCodec: -- Looking at startdata. presentation 2037471387, start 81738450205563, so  match entry
03-30 01:41:45.035   762 13859 V MediaCodec: -- Looking at startdata. presentation 2037654244, start 81738723985563, so  match entry
03-30 01:41:45.308   762 13859 V MediaCodec: -- Looking at startdata. presentation 2037863224, start 81738743452563, so  match entry
03-30 01:41:45.328   762 13859 V MediaCodec: -- Looking at startdata. presentation 2038046081, start 81739022808563, so  match entry
03-30 01:41:45.590   762 13859 V MediaCodec: -- Looking at startdata. presentation 2038150571, start 81739030630563, so  match entry
03-30 01:41:45.862   762 13857 V AudioSink: getPlayedOutDurationUs(1316107583) nowUs(81739563367) frames(58040039) framesAt(81739556441)
03-30 01:41:45.866   762 13859 V MediaCodec: -- Looking at startdata. presentation 2038385673, start 81739307486563, so  match entry
03-30 01:41:45.877   762 13859 V MediaCodec: -- Looking at startdata. presentation 2038490163, start 81739569235563, so  match entry
03-30 01:41:46.158   762 13859 V MediaCodec: -- Looking at startdata. presentation 2038855877, start 81739856364794, so  match entry
03-30 01:41:46.421   762 13859 V MediaCodec: -- Looking at startdata. presentation 2038908122, start 81739859955563, so  match entry
03-30 01:41:46.702   762 13859 V MediaCodec: -- Looking at startdata. presentation 2039247714, start 81740145421563, so  match entry
03-30 01:41:46.703   762 13859 V MediaCodec: -- Looking at startdata. presentation 2039299959, start 81740399727563, so  match entry
03-30 01:41:47.283   762 13859 V MediaCodec: -- Looking at startdata. presentation 2039953020, start 81740975979563, so  match entry
03-30 01:41:47.563   762 13859 V MediaCodec: -- Looking at startdata. presentation 2040292612, start 81741259029178, so  match entry
03-30 01:41:47.822   762 13859 V MediaCodec: -- Looking at startdata. presentation 2040318734, start 81741261913563, so  match entry
03-30 01:41:48.105   762 13859 V MediaCodec: -- Looking at startdata. presentation 2040606081, start 81741545636563, so  match entry
03-30 01:41:48.134   762 13859 V MediaCodec: -- Looking at startdata. presentation 2040736693, start 81741821478563, so  match entry
03-30 01:41:48.421   762 13859 V MediaCodec: -- Looking at startdata. presentation 2041050163, start 81742110435563, so  match entry
03-30 01:41:48.685   762 13859 V MediaCodec: -- Looking at startdata. presentation 2041206897, start 81742125397563, so  match entry
03-30 01:41:48.964   762 13859 V MediaCodec: -- Looking at startdata. presentation 2041494244, start 81742404563025, so  match entry
03-30 01:41:48.980   762 13859 V MediaCodec: -- Looking at startdata. presentation 2041677102, start 81742674726563, so  match entry
03-30 01:41:49.270   762 13859 V MediaCodec: -- Looking at startdata. presentation 2041990571, start 81742963156563, so  match entry
03-30 01:41:49.818   762 13859 V MediaCodec: -- Looking at startdata. presentation 2042408530, start 81743511627563, so  match entry
03-30 01:41:49.828   762 13859 V MediaCodec: -- Looking at startdata. presentation 2042486897, start 81743519979563, so  match entry
03-30 01:41:50.094   762 13859 V MediaCodec: -- Looking at startdata. presentation 2042669755, start 81743537356332, so  match entry
03-30 01:41:50.368   762 13859 V MediaCodec: -- Looking at startdata. presentation 2042878734, start 81743809637563, so  match entry
03-30 01:41:50.642   762 13859 V MediaCodec: -- Looking at startdata. presentation 2043113836, start 81744083227563, so  match entry
03-30 01:41:50.658   762 13859 V MediaCodec: -- Looking at startdata. presentation 2043270571, start 81744349606563, so  match entry
03-30 01:41:50.668   762 13859 V MediaCodec: -- Looking at startdata. presentation 2043348938, start 81744361178563, so  match entry
03-30 01:41:50.948   762 13859 V MediaCodec: -- Looking at startdata. presentation 2043531795, start 81744634336563, so  match entry
03-30 01:41:50.959   762 13859 V MediaCodec: -- Looking at startdata. presentation 2043662408, start 81744651624563, so  match entry
03-30 01:41:51.222   762 13859 V MediaCodec: -- Looking at startdata. presentation 2043793020, start 81744662469563, so  match entry
03-30 01:41:51.799   762 13859 V MediaCodec: -- Looking at startdata. presentation 2044419959, start 81745492666563, so  match entry
03-30 01:41:51.879  1520  1563 D _V_ActivityManager: StartMode packageName = com.android.stk ,pid = -1 ,alwaysRestrict = true ,startMode = 2 ,UidRec:UidRecord{d1ba7c6 1001 PER  procs:4 seq(0,0,0)}
03-30 01:41:52.383   762 13859 V MediaCodec: -- Looking at startdata. presentation 2045046897, start 81746077216563, so  match entry
03-30 01:41:52.643   762 13859 V MediaCodec: -- Looking at startdata. presentation 2045125265, start 81746080719563, so  match entry
03-30 01:41:52.665   762 13859 V MediaCodec: -- Looking at startdata. presentation 2045334244, start 81746357277563, so  match entry
03-30 01:41:52.927   762 13859 V MediaCodec: -- Looking at startdata. presentation 2045438734, start 81746368576563, so  match entry
03-30 01:41:53.776   762 13857 V AudioSink: getPlayedOutDurationUs(1324021831) nowUs(81747477635) frames(58388563) framesAt(81747459500)
03-30 01:41:53.786   762 13859 V MediaCodec: -- Looking at startdata. presentation 2046457510, start 81747477601563, so  match entry
03-30 01:41:54.048   762 13859 V MediaCodec: -- Looking at startdata. presentation 2046535877, start 81747487700563, so  match entry
03-30 01:41:54.337   762 13859 V MediaCodec: -- Looking at startdata. presentation 2046875469, start 81747778178563, so  match entry
03-30 01:41:54.914   762 13859 V MediaCodec: -- Looking at startdata. presentation 2047502408, start 81748607139563, so  match entry
03-30 01:41:55.198   762 13859 V MediaCodec: -- Looking at startdata. presentation 2047789755, start 81748892476563, so  match entry
03-30 01:41:55.476   762 13859 V MediaCodec: -- Looking at startdata. presentation 2048050979, start 81748916607563, so  match entry
03-30 01:41:55.484   762 13859 V MediaCodec: -- Looking at startdata. presentation 2048155469, start 81749179301563, so  match entry
03-30 01:41:55.754   762 13859 V MediaCodec: -- Looking at startdata. presentation 2048364448, start 81749450470563, so  match entry
03-30 01:41:56.046   762 13859 V MediaCodec: -- Looking at startdata. presentation 2048677918, start 81749735219563, so  match entry
03-30 01:41:56.047   762 13859 V MediaCodec: -- Looking at startdata. presentation 2048704040, start 81749737935563, so  match entry
03-30 01:41:56.328   762 13859 V MediaCodec: -- Looking at startdata. presentation 2048965265, start 81750021182563, so  match entry
03-30 01:41:56.341   762 13859 V MediaCodec: -- Looking at startdata. presentation 2049069755, start 81750032180563, so  match entry
03-30 01:41:56.604   762 13859 V MediaCodec: -- Looking at startdata. presentation 2049174244, start 81750043563948, so  match entry
03-30 01:41:57.734   762 13857 V AudioSink: getPlayedOutDurationUs(1327979728) nowUs(81751435549) frames(58563572) framesAt(81751427975)
03-30 01:41:58.867   762 13859 V MediaCodec: -- Looking at startdata. presentation 2051525265, start 81752563376948, so  match entry
03-30 01:41:59.147   762 13857 V AudioSink: getPlayedOutDurationUs(1329393161) nowUs(81752848941) frames(58625636) framesAt(81752835281)
03-30 01:42:03.674   762 13859 V MediaCodec: -- Looking at startdata. presentation 2056305673, start 81757364313872, so  match entry
03-30 01:42:03.674   762 13859 V MediaCodec: -- Looking at startdata. presentation 2056331795, start 81757366785872, so  match entry
03-30 01:42:03.674   762 13859 V MediaCodec: -- Looking at startdata. presentation 2056357918, start 81757367254256, so  match entry
03-30 01:42:03.681   762 13859 V MediaCodec: -- Looking at startdata. presentation 2056384040, start 81757375690179, so  match entry
03-30 01:42:07.906   762 13859 V MediaCodec: -- Looking at startdata. presentation 2060563632, start 81761599869564, so  match entry
03-30 01:42:11.563   762 13859 V MediaCodec: -- Looking at startdata. presentation 2064064040, start 81765001876180, so  match entry
03-30 01:42:11.869   762 13859 V MediaCodec: -- Looking at startdata. presentation 2064534244, start 81765563655718, so  match entry
03-30 01:42:12.146   762 13859 V MediaCodec: -- Looking at startdata. presentation 2064847714, start 81765838756334, so  match entry
03-30 01:42:12.994   762 13859 V MediaCodec: -- Looking at startdata. presentation 2065631387, start 81766685729488, so  match entry
03-30 01:42:13.811   762 13857 V AudioSink: getPlayedOutDurationUs(1344056323) nowUs(81767512138) frames(59270556) framesAt(81767459352)
03-30 01:42:16.128   762 13859 V MediaCodec: -- Looking at startdata. presentation 2068661591, start 81769563601565, so  match entry
03-30 01:42:17.563   762 13859 V MediaCodec: -- Looking at startdata. presentation 2070202816, start 81771245912642, so  match entry
03-30 01:42:17.563   762 13857 V AudioSink: getPlayedOutDurationUs(1347809252) nowUs(81771265053) frames(59437147) framesAt(81771236912)
03-30 01:42:18.475  1520  1563 D _V_ActivityManager: StartMode packageName = com.android.stk ,pid = -1 ,alwaysRestrict = true ,startMode = 2 ,UidRec:UidRecord{d1ba7c6 1001 PER  procs:4 seq(0,0,0)}
03-30 01:42:18.670   762 13859 V MediaCodec: -- Looking at startdata. presentation 2071352204, start 81772366563719, so  match entry
03-30 01:42:22.945   762 13859 V MediaCodec: -- Looking at startdata. presentation 2075636285, start 81776638577565, so  match entry
03-30 01:42:26.063   762 13857 V AudioSink: getPlayedOutDurationUs(1356308594) nowUs(81779764394) frames(59812418) framesAt(81779746457)
03-30 01:42:28.864   762 13857 V AudioSink: getPlayedOutDurationUs(1359109790) nowUs(81782565619) frames(59936607) framesAt(81782562563)
03-30 01:42:30.563   762 13859 V MediaCodec: -- Looking at startdata. presentation 2083290163, start 81784258663258, so  match entry
03-30 01:42:31.945   762 13857 V AudioSink: getPlayedOutDurationUs(1362191180) nowUs(81785646984) frames(60072110) framesAt(81785635169)
03-30 01:42:35.066   762 13859 V MediaCodec: -- Looking at startdata. presentation 2087678734, start 81788755634181, so  match entry
03-30 01:42:35.359   762 13859 V MediaCodec: -- Looking at startdata. presentation 2088044448, start 81789050156335, so  match entry
03-30 01:42:39.875   762 13859 V MediaCodec: -- Looking at startdata. presentation 2092380775, start 81793315635720, so  match entry
03-30 01:42:39.888   762 13859 V MediaCodec: -- Looking at startdata. presentation 2092563632, start 81793579973874, so  match entry
03-30 01:42:41.867   762 13859 V MediaCodec: -- Looking at startdata. presentation 2094601183, start 81795563005797, so  match entry
03-30 01:42:45.088  1520  1563 D _V_ActivityManager: StartMode packageName = com.android.stk ,pid = -1 ,alwaysRestrict = true ,startMode = 2 ,UidRec:UidRecord{d1ba7c6 1001 PER  procs:4 seq(0,0,0)}
03-30 01:42:47.476   762 13857 V AudioSink: getPlayedOutDurationUs(1377721830) nowUs(81801177620) frames(60756596) framesAt(81801156379)
03-30 01:42:48.618   762 13859 V MediaCodec: -- Looking at startdata. presentation 2101157918, start 81802056383644, so  match entry
03-30 01:42:52.025   762 13859 V MediaCodec: -- Looking at startdata. presentation 2104658326, start 81805713563413, so  match entry
03-30 01:42:52.283   762 13857 V AudioSink: getPlayedOutDurationUs(1382529105) nowUs(81805984922) frames(60968327) framesAt(81805957563)
03-30 01:42:55.386   762 13857 V AudioSink: getPlayedOutDurationUs(1385631349) nowUs(81809087118) frames(61105056) framesAt(81809057945)
03-30 01:42:56.799   762 13857 V AudioSink: getPlayedOutDurationUs(1387044563) nowUs(81810500370) frames(61167122) framesAt(81810465376)
03-30 01:42:57.952   762 13859 V MediaCodec: -- Looking at startdata. presentation 2110588122, start 81811643356336, so  match entry
03-30 01:42:58.498   762 13859 V MediaCodec: -- Looking at startdata. presentation 2110979959, start 81811935635490, so  match entry
03-30 01:42:59.067   762 13859 V MediaCodec: -- Looking at startdata. presentation 2111580775, start 81812505635952, so  match entry
03-30 01:43:00.211   762 13859 V MediaCodec: -- Looking at startdata. presentation 2112860775, start 81813904563952, so  match entry
03-30 01:43:01.616   762 13859 V MediaCodec: -- Looking at startdata. presentation 2114114653, start 81815056390414, so  match entry
03-30 01:43:04.165   762 13859 V MediaCodec: -- Looking at startdata. presentation 2116726897, start 81817605563644, so  match entry
03-30 01:43:05.304   762 13859 V MediaCodec: -- Looking at startdata. presentation 2117824040, start 81818756301875, so  match entry
03-30 01:43:06.415   762 13857 V AudioSink: getPlayedOutDurationUs(1396660453) nowUs(81820116275) frames(61590563) framesAt(81820067227)
03-30 01:43:11.692  1520  1563 D _V_ActivityManager: StartMode packageName = com.android.stk ,pid = -1 ,alwaysRestrict = true ,startMode = 2 ,UidRec:UidRecord{d1ba7c6 1001 PER  procs:4 seq(0,0,0)}
03-30 01:43:11.860   762 13859 V MediaCodec: -- Looking at startdata. presentation 2124563632, start 81825552895106, so  match entry
03-30 01:43:12.125   762 13859 V MediaCodec: -- Looking at startdata. presentation 2124694244, start 81825563511414, so  match entry
03-30 01:43:12.983   762 13859 V MediaCodec: -- Looking at startdata. presentation 2125634653, start 81826675423568, so  match entry
03-30 01:43:22.970   762 13859 V MediaCodec: -- Looking at startdata. presentation 2135639551, start 81836667416492, so  match entry
03-30 01:43:24.044   762 13859 V MediaCodec: -- Looking at startdata. presentation 2136527714, start 81837485631261, so  match entry
03-30 01:43:24.311   762 13857 V AudioSink: getPlayedOutDurationUs(1414556370) nowUs(81838012161) frames(62381471) framesAt(81838001618)
03-30 01:43:25.389   762 13857 V AudioSink: getPlayedOutDurationUs(1415634281) nowUs(81839090075) frames(62428740) framesAt(81839073481)
03-30 01:43:26.479   762 13859 V MediaCodec: -- Looking at startdata. presentation 2139087714, start 81840175637723, so  match entry
03-30 01:43:27.558   762 13859 V MediaCodec: -- Looking at startdata. presentation 2140237102, start 81841256310184, so  match entry
03-30 01:43:28.354   762 13857 V AudioSink: getPlayedOutDurationUs(1418600249) nowUs(81842056064) frames(62558563) framesAt(81842017334)
03-30 01:43:30.563   805   871 E         : akm_log setv_mag-hdt_ag(msQ4) = 160
03-30 01:43:30.563   805   871 E         : akm_log pg_gyr(d/s*1000): -37, -18, -930, dt: 160
03-30 01:43:32.411   762 13859 V MediaCodec: -- Looking at startdata. presentation 2144886897, start 81845852563185, so  match entry
03-30 01:43:34.873   762 13859 V MediaCodec: -- Looking at startdata. presentation 2147525265, start 81848563196646, so  match entry
03-30 01:43:35.425   762 13859 V MediaCodec: -- Looking at startdata. presentation 2148047714, start 81849116563185, so  match entry
03-30 01:43:36.241   762 13857 V AudioSink: getPlayedOutDurationUs(1426486563) nowUs(81849942367) frames(62905747) framesAt(81849889976)
03-30 01:43:36.265   762 13859 V MediaCodec: -- Looking at startdata. presentation 2148883632, start 81849955639108, so  match entry
03-30 01:43:38.284  1520  1563 D _V_ActivityManager: StartMode packageName = com.android.stk ,pid = -1 ,alwaysRestrict = true ,startMode = 2 ,UidRec:UidRecord{d1ba7c6 1001 PER  procs:4 seq(0,0,0)}
03-30 01:43:41.936   762 13859 V MediaCodec: -- Looking at startdata. presentation 2154656693, start 81855630221108, so  match entry
03-30 01:43:41.937   762 13859 V MediaCodec: -- Looking at startdata. presentation 2154682816, start 81855631785647, so  match entry
03-30 01:43:42.193   762 13859 V MediaCodec: -- Looking at startdata. presentation 2154708938, start 81855634155877, so  match entry
03-30 01:43:42.199   762 13859 V MediaCodec: -- Looking at startdata. presentation 2154735061, start 81855636339185, so  match entry
03-30 01:43:42.200   762 13859 V MediaCodec: -- Looking at startdata. presentation 2154761183, start 81855638764724, so  match entry
03-30 01:43:42.200   762 13859 V MediaCodec: -- Looking at startdata. presentation 2154787306, start 81855639588801, so  match entry
03-30 01:43:43.617   762 13859 V MediaCodec: -- Looking at startdata. presentation 2156302408, start 81857310309416, so  match entry
03-30 01:43:43.619   762 13859 V MediaCodec: -- Looking at startdata. presentation 2156328530, start 81857310946339, so  match entry
03-30 01:43:43.871   762 13859 V MediaCodec: -- Looking at startdata. presentation 2156354653, start 81857312554185, so  match entry
03-30 01:43:43.875   762 13859 V MediaCodec: -- Looking at startdata. presentation 2156380775, start 81857318460647, so  match entry
03-30 01:43:43.888   762 13859 V MediaCodec: -- Looking at startdata. presentation 2156563632, start 81857583745724, so  match entry
03-30 01:43:47.862   762 13857 V AudioSink: getPlayedOutDurationUs(1438107451) nowUs(81861563224) frames(63419604) framesAt(81861542031)
03-30 01:43:47.869   762 13859 V MediaCodec: -- Looking at startdata. presentation 2160560367, start 81861563568416, so  match entry
03-30 01:43:49.869   762 13859 V MediaCodec: -- Looking at startdata. presentation 2162597918, start 81863563643032, so  match entry
03-30 01:43:51.563   762 13859 V MediaCodec: -- Looking at startdata. presentation 2164295877, start 81865258892878, so  match entry
03-30 01:43:54.563  1520  1945 V _V_VivoStats: noteWhich 44, arg1 = 1001, arg2 = 2493, name = *telephony-radio*
03-30 01:43:56.589   762 13859 V MediaCodec: -- Looking at startdata. presentation 2169206897, start 81870283563109, so  match entry
03-30 01:43:56.880   762 13859 V MediaCodec: -- Looking at startdata. presentation 2169468122, start 81870563748494, so  match entry
03-30 01:44:00.563   762 13859 V MediaCodec: -- Looking at startdata. presentation 2173255877, start 81874257248186, so  match entry
03-30 01:44:02.264   762 13859 V MediaCodec: -- Looking at startdata. presentation 2174953836, start 81875956366340, so  match entry
